Archive member included to satisfy reference by file (symbol)

c:/intelfpga_lite/20.1/nios2eds/bin/gnu/h-x86_64-mingw32/bin/../lib/gcc/nios2-elf/10.1.1/../../../../../H-x86_64-mingw32/nios2-elf/lib/mno-hw-mul\libm.a(lib_a-s_sin.o)
                              obj/default/main.o (sin)
c:/intelfpga_lite/20.1/nios2eds/bin/gnu/h-x86_64-mingw32/bin/../lib/gcc/nios2-elf/10.1.1/../../../../../H-x86_64-mingw32/nios2-elf/lib/mno-hw-mul\libm.a(lib_a-e_rem_pio2.o)
                              c:/intelfpga_lite/20.1/nios2eds/bin/gnu/h-x86_64-mingw32/bin/../lib/gcc/nios2-elf/10.1.1/../../../../../H-x86_64-mingw32/nios2-elf/lib/mno-hw-mul\libm.a(lib_a-s_sin.o) (__ieee754_rem_pio2)
c:/intelfpga_lite/20.1/nios2eds/bin/gnu/h-x86_64-mingw32/bin/../lib/gcc/nios2-elf/10.1.1/../../../../../H-x86_64-mingw32/nios2-elf/lib/mno-hw-mul\libm.a(lib_a-k_cos.o)
                              c:/intelfpga_lite/20.1/nios2eds/bin/gnu/h-x86_64-mingw32/bin/../lib/gcc/nios2-elf/10.1.1/../../../../../H-x86_64-mingw32/nios2-elf/lib/mno-hw-mul\libm.a(lib_a-s_sin.o) (__kernel_cos)
c:/intelfpga_lite/20.1/nios2eds/bin/gnu/h-x86_64-mingw32/bin/../lib/gcc/nios2-elf/10.1.1/../../../../../H-x86_64-mingw32/nios2-elf/lib/mno-hw-mul\libm.a(lib_a-k_rem_pio2.o)
                              c:/intelfpga_lite/20.1/nios2eds/bin/gnu/h-x86_64-mingw32/bin/../lib/gcc/nios2-elf/10.1.1/../../../../../H-x86_64-mingw32/nios2-elf/lib/mno-hw-mul\libm.a(lib_a-e_rem_pio2.o) (__kernel_rem_pio2)
c:/intelfpga_lite/20.1/nios2eds/bin/gnu/h-x86_64-mingw32/bin/../lib/gcc/nios2-elf/10.1.1/../../../../../H-x86_64-mingw32/nios2-elf/lib/mno-hw-mul\libm.a(lib_a-k_sin.o)
                              c:/intelfpga_lite/20.1/nios2eds/bin/gnu/h-x86_64-mingw32/bin/../lib/gcc/nios2-elf/10.1.1/../../../../../H-x86_64-mingw32/nios2-elf/lib/mno-hw-mul\libm.a(lib_a-s_sin.o) (__kernel_sin)
c:/intelfpga_lite/20.1/nios2eds/bin/gnu/h-x86_64-mingw32/bin/../lib/gcc/nios2-elf/10.1.1/../../../../../H-x86_64-mingw32/nios2-elf/lib/mno-hw-mul\libm.a(lib_a-s_floor.o)
                              c:/intelfpga_lite/20.1/nios2eds/bin/gnu/h-x86_64-mingw32/bin/../lib/gcc/nios2-elf/10.1.1/../../../../../H-x86_64-mingw32/nios2-elf/lib/mno-hw-mul\libm.a(lib_a-k_rem_pio2.o) (floor)
c:/intelfpga_lite/20.1/nios2eds/bin/gnu/h-x86_64-mingw32/bin/../lib/gcc/nios2-elf/10.1.1/../../../../../H-x86_64-mingw32/nios2-elf/lib/mno-hw-mul\libm.a(lib_a-s_scalbn.o)
                              c:/intelfpga_lite/20.1/nios2eds/bin/gnu/h-x86_64-mingw32/bin/../lib/gcc/nios2-elf/10.1.1/../../../../../H-x86_64-mingw32/nios2-elf/lib/mno-hw-mul\libm.a(lib_a-k_rem_pio2.o) (scalbn)
c:/intelfpga_lite/20.1/nios2eds/bin/gnu/h-x86_64-mingw32/bin/../lib/gcc/nios2-elf/10.1.1/mno-hw-mul\libgcc.a(_muldi3.o)
                              obj/default/overdrive.o (__muldi3)
c:/intelfpga_lite/20.1/nios2eds/bin/gnu/h-x86_64-mingw32/bin/../lib/gcc/nios2-elf/10.1.1/mno-hw-mul\libgcc.a(lib2-divmod.o)
                              obj/default/overdrive.o (__divsi3)
c:/intelfpga_lite/20.1/nios2eds/bin/gnu/h-x86_64-mingw32/bin/../lib/gcc/nios2-elf/10.1.1/mno-hw-mul\libgcc.a(lib2-mul.o)
                              obj/default/main.o (__mulsi3)
c:/intelfpga_lite/20.1/nios2eds/bin/gnu/h-x86_64-mingw32/bin/../lib/gcc/nios2-elf/10.1.1/mno-hw-mul\libgcc.a(addsf3.o)
                              obj/default/main.o (__addsf3)
c:/intelfpga_lite/20.1/nios2eds/bin/gnu/h-x86_64-mingw32/bin/../lib/gcc/nios2-elf/10.1.1/mno-hw-mul\libgcc.a(gesf2.o)
                              obj/default/main.o (__gtsf2)
c:/intelfpga_lite/20.1/nios2eds/bin/gnu/h-x86_64-mingw32/bin/../lib/gcc/nios2-elf/10.1.1/mno-hw-mul\libgcc.a(lesf2.o)
                              obj/default/overdrive.o (__ltsf2)
c:/intelfpga_lite/20.1/nios2eds/bin/gnu/h-x86_64-mingw32/bin/../lib/gcc/nios2-elf/10.1.1/mno-hw-mul\libgcc.a(mulsf3.o)
                              obj/default/overdrive.o (__mulsf3)
c:/intelfpga_lite/20.1/nios2eds/bin/gnu/h-x86_64-mingw32/bin/../lib/gcc/nios2-elf/10.1.1/mno-hw-mul\libgcc.a(subsf3.o)
                              obj/default/main.o (__subsf3)
c:/intelfpga_lite/20.1/nios2eds/bin/gnu/h-x86_64-mingw32/bin/../lib/gcc/nios2-elf/10.1.1/mno-hw-mul\libgcc.a(fixsfsi.o)
                              obj/default/overdrive.o (__fixsfsi)
c:/intelfpga_lite/20.1/nios2eds/bin/gnu/h-x86_64-mingw32/bin/../lib/gcc/nios2-elf/10.1.1/mno-hw-mul\libgcc.a(adddf3.o)
                              c:/intelfpga_lite/20.1/nios2eds/bin/gnu/h-x86_64-mingw32/bin/../lib/gcc/nios2-elf/10.1.1/../../../../../H-x86_64-mingw32/nios2-elf/lib/mno-hw-mul\libm.a(lib_a-e_rem_pio2.o) (__adddf3)
c:/intelfpga_lite/20.1/nios2eds/bin/gnu/h-x86_64-mingw32/bin/../lib/gcc/nios2-elf/10.1.1/mno-hw-mul\libgcc.a(eqdf2.o)
                              c:/intelfpga_lite/20.1/nios2eds/bin/gnu/h-x86_64-mingw32/bin/../lib/gcc/nios2-elf/10.1.1/../../../../../H-x86_64-mingw32/nios2-elf/lib/mno-hw-mul\libm.a(lib_a-e_rem_pio2.o) (__nedf2)
[...]
Memory Configuration

Name             Origin             Length             Attributes
sdram            0x0000000000000000 0x0000000004000000
reset            0x0000000005080000 0x0000000000000020
onchip_memory2   0x0000000005080020 0x000000000004e1e0
*default*        0x0000000000000000 0xffffffffffffffff

Linker script and memory map

LOAD c:/repos/fpga_dsp/audio_sdram/software/audio_feed_7_bsp//obj/HAL/src/crt0.o
LOAD obj/default/AUDIO.o
LOAD obj/default/I2C.o
LOAD obj/default/LED.o
LOAD obj/default/SEG7.o
LOAD obj/default/debug.o
LOAD obj/default/main.o
LOAD obj/default/overdrive.o
LOAD c:/intelfpga_lite/20.1/nios2eds/bin/gnu/h-x86_64-mingw32/bin/../lib/gcc/nios2-elf/10.1.1/../../../../../H-x86_64-mingw32/nios2-elf/lib/mno-hw-mul\libstdc++.a
LOAD c:/intelfpga_lite/20.1/nios2eds/bin/gnu/h-x86_64-mingw32/bin/../lib/gcc/nios2-elf/10.1.1/../../../../../H-x86_64-mingw32/nios2-elf/lib/mno-hw-mul\libm.a
LOAD c:/intelfpga_lite/20.1/nios2eds/bin/gnu/h-x86_64-mingw32/bin/../lib/gcc/nios2-elf/10.1.1/mno-hw-mul\libgcc.a
START GROUP
LOAD c:/intelfpga_lite/20.1/nios2eds/bin/gnu/h-x86_64-mingw32/bin/../lib/gcc/nios2-elf/10.1.1/../../../../../H-x86_64-mingw32/nios2-elf/lib/mno-hw-mul\libc.a
LOAD c:/intelfpga_lite/20.1/nios2eds/bin/gnu/h-x86_64-mingw32/bin/../lib/gcc/nios2-elf/10.1.1/mno-hw-mul\libgcc.a
LOAD c:/repos/fpga_dsp/audio_sdram/software/audio_feed_7_bsp/\libhal_bsp.a
LOAD c:/intelfpga_lite/20.1/nios2eds/bin/gnu/h-x86_64-mingw32/bin/../lib/gcc/nios2-elf/10.1.1/../../../../../H-x86_64-mingw32/nios2-elf/lib/mno-hw-mul\libm.a
END GROUP
LOAD c:/intelfpga_lite/20.1/nios2eds/bin/gnu/h-x86_64-mingw32/bin/../lib/gcc/nios2-elf/10.1.1/mno-hw-mul\libgcc.a
                0x0000000000000000                __alt_mem_sdram = 0x0
                0x0000000005080000                __alt_mem_onchip_memory2 = 0x5080000

.entry          0x0000000005080000       0x20
 *(.entry)
 .entry         0x0000000005080000       0x20 c:/repos/fpga_dsp/audio_sdram/software/audio_feed_7_bsp//obj/HAL/src/crt0.o
                0x0000000005080000                __reset

.exceptions     0x0000000005080020      0x204
                0x0000000005080020                PROVIDE (__ram_exceptions_start = ABSOLUTE (.))
                0x0000000005080020                . = ALIGN (0x20)
 *(.irq)
 *(.exceptions.entry.label)
 .exceptions.entry.label
                0x0000000005080020        0x0 c:/repos/fpga_dsp/audio_sdram/software/audio_feed_7_bsp/\libhal_bsp.a(alt_irq_entry.o)
                0x0000000005080020                alt_irq_entry
 .exceptions.entry.label
                0x0000000005080020        0x0 c:/repos/fpga_dsp/audio_sdram/software/audio_feed_7_bsp/\libhal_bsp.a(alt_exception_entry.o)
                0x0000000005080020                alt_exception
 *(.exceptions.entry.user)
 *(.exceptions.entry.ecc_fatal)
 *(.exceptions.entry)
 .exceptions.entry
                0x0000000005080020       0x54 c:/repos/fpga_dsp/audio_sdram/software/audio_feed_7_bsp/\libhal_bsp.a(alt_exception_entry.o)
 *(.exceptions.irqtest.user)
 *(.exceptions.irqtest)
 .exceptions.irqtest
                0x0000000005080074       0x10 c:/repos/fpga_dsp/audio_sdram/software/audio_feed_7_bsp/\libhal_bsp.a(alt_irq_entry.o)
 *(.exceptions.irqhandler.user)
 *(.exceptions.irqhandler)
 .exceptions.irqhandler
                0x0000000005080084        0x4 c:/repos/fpga_dsp/audio_sdram/software/audio_feed_7_bsp/\libhal_bsp.a(alt_irq_entry.o)
 *(.exceptions.irqreturn.user)
 *(.exceptions.irqreturn)
 .exceptions.irqreturn
                0x0000000005080088        0x4 c:/repos/fpga_dsp/audio_sdram/software/audio_feed_7_bsp/\libhal_bsp.a(alt_irq_entry.o)
 *(.exceptions.notirq.label)
 .exceptions.notirq.label
                0x000000000508008c        0x0 c:/repos/fpga_dsp/audio_sdram/software/audio_feed_7_bsp/\libhal_bsp.a(alt_irq_entry.o)
 *(.exceptions.notirq.user)
 *(.exceptions.notirq)
 .exceptions.notirq
                0x000000000508008c        0x8 c:/repos/fpga_dsp/audio_sdram/software/audio_feed_7_bsp/\libhal_bsp.a(alt_exception_entry.o)
 *(.exceptions.soft.user)
 *(.exceptions.soft)
 *(.exceptions.unknown.user)
 *(.exceptions.unknown)
 .exceptions.unknown
                0x0000000005080094       0x14 c:/repos/fpga_dsp/audio_sdram/software/audio_feed_7_bsp/\libhal_bsp.a(alt_exception_entry.o)
 *(.exceptions.exit.label)
 .exceptions.exit.label
                0x00000000050800a8        0x0 c:/repos/fpga_dsp/audio_sdram/software/audio_feed_7_bsp/\libhal_bsp.a(alt_irq_entry.o)
 .exceptions.exit.label
                0x00000000050800a8        0x0 c:/repos/fpga_dsp/audio_sdram/software/audio_feed_7_bsp/\libhal_bsp.a(alt_exception_entry.o)
 *(.exceptions.exit.user)
 *(.exceptions.exit)
 .exceptions.exit
                0x00000000050800a8       0x54 c:/repos/fpga_dsp/audio_sdram/software/audio_feed_7_bsp/\libhal_bsp.a(alt_exception_entry.o)
 *(.exceptions)
 .exceptions    0x00000000050800fc       0xc8 c:/repos/fpga_dsp/audio_sdram/software/audio_feed_7_bsp/\libhal_bsp.a(alt_irq_handler.o)
                0x00000000050800fc                alt_irq_handler
 .exceptions    0x00000000050801c4       0x60 c:/repos/fpga_dsp/audio_sdram/software/audio_feed_7_bsp/\libhal_bsp.a(alt_instruction_exception_entry.o)
                0x00000000050801c4                alt_instruction_exception_entry
                0x0000000005080224                PROVIDE (__ram_exceptions_end = ABSOLUTE (.))
                0x0000000005080020                PROVIDE (__flash_exceptions_start = LOADADDR (.exceptions))

.text           0x0000000005080224    0x190e8
                [!provide]                        PROVIDE (stext = ABSOLUTE (.))
 *(.interp)
 *(.hash)
 *(.dynsym)
 *(.dynstr)
 *(.gnu.version)
 *(.gnu.version_d)
 *(.gnu.version_r)
 *(.rel.init)
 *(.rela.init)
 *(.rel.text .rel.text.* .rel.gnu.linkonce.t.*)
 *(.rela.text .rela.text.* .rela.gnu.linkonce.t.*)
 *(.rel.fini)
 *(.rela.fini)
 *(.rel.rodata .rel.rodata.* .rel.gnu.linkonce.r.*)
 *(.rela.rodata .rela.rodata.* .rela.gnu.linkonce.r.*)
 *(.rel.data .rel.data.* .rel.gnu.linkonce.d.*)
 *(.rela.data .rela.data.* .rela.gnu.linkonce.d.*)
 *(.rel.tdata .rel.tdata.* .rel.gnu.linkonce.td.*)
 *(.rela.tdata .rela.tdata.* .rela.gnu.linkonce.td.*)
 *(.rel.tbss .rel.tbss.* .rel.gnu.linkonce.tb.*)
 *(.rela.tbss .rela.tbss.* .rela.gnu.linkonce.tb.*)
 *(.rel.ctors)
 *(.rela.ctors)
 *(.rel.dtors)
 *(.rela.dtors)
 *(.rel.got)
 *(.rela.got)
 *(.rel.sdata .rel.sdata.* .rel.gnu.linkonce.s.*)
 *(.rela.sdata .rela.sdata.* .rela.gnu.linkonce.s.*)
 *(.rel.sbss .rel.sbss.* .rel.gnu.linkonce.sb.*)
 *(.rela.sbss .rela.sbss.* .rela.gnu.linkonce.sb.*)
 *(.rel.sdata2 .rel.sdata2.* .rel.gnu.linkonce.s2.*)
 *(.rela.sdata2 .rela.sdata2.* .rela.gnu.linkonce.s2.*)
 *(.rel.sbss2 .rel.sbss2.* .rel.gnu.linkonce.sb2.*)
 *(.rela.sbss2 .rela.sbss2.* .rela.gnu.linkonce.sb2.*)
 *(.rel.bss .rel.bss.* .rel.gnu.linkonce.b.*)
 *(.rela.bss .rela.bss.* .rela.gnu.linkonce.b.*)
 *(.rel.plt)
 *(.rela.plt)
 *(.rel.dyn)
 *(.init)
 *(.plt)
 *(.text .stub .text.* .gnu.linkonce.t.*)
 .text          0x0000000005080224       0x3c c:/repos/fpga_dsp/audio_sdram/software/audio_feed_7_bsp//obj/HAL/src/crt0.o
                0x0000000005080224                _start
 .text          0x0000000005080260      0xcf8 obj/default/AUDIO.o
                0x0000000005080260                AUDIO_Init
                0x00000000050803e8                AUDIO_InterfaceActive
                0x0000000005080430                AUDIO_MicBoost
                0x00000000050804a4                AUDIO_AdcEnableHighPassFilter
                0x0000000005080518                AUDIO_DacDeemphasisControl
                0x00000000050805d0                AUDIO_DacEnableZeroCross
                0x00000000050806a8                AUDIO_DacEnableSoftMute
                0x0000000005080730                AUDIO_MicMute
                0x00000000050807b8                AUDIO_LineInMute
                0x0000000005080890                AUDIO_SetInputSource
                0x000000000508091c                AUDIO_SetSampleRate
                0x00000000050809fc                AUDIO_SetLineInVol
                0x0000000005080b0c                AUDIO_SetLineOutVol
                0x0000000005080c1c                AUDIO_EnableByPass
                0x0000000005080ca4                AUDIO_EnableSiteTone
                0x0000000005080d2c                aduio_RegWrite
                0x0000000005080e20                AUDIO_DacFifoNotFull
                0x0000000005080e58                AUDIO_DacFifoSetData
                0x0000000005080ea4                AUDIO_AdcFifoNotEmpty
                0x0000000005080edc                AUDIO_AdcFifoGetData
                0x0000000005080f2c                AUDIO_FifoClear
 .text          0x0000000005080f58      0x730 obj/default/I2C.o
                0x0000000005080f58                I2C_Write
                0x0000000005081058                I2C_Read
                0x0000000005081180                I2C_MultipleRead
                0x00000000050812fc                i2c_start
                0x0000000005081388                i2c_stop
                0x0000000005081400                i2c_write
                0x0000000005081530                i2c_read
 .text          0x0000000005081688      0x10c obj/default/LED.o
                0x0000000005081688                LED_Display
                0x00000000050816c0                LED_AllOn
                0x00000000050816f0                LED_AllOff
                0x0000000005081720                LED_LightCount
 .text          0x0000000005081794      0x2e4 obj/default/SEG7.o
                0x0000000005081794                SEG7_Clear
                0x00000000050817f4                SEG7_Full
                0x0000000005081854                SEG7_Number
                0x00000000050818c4                SEG7_Hex
                0x0000000005081990                SEG7_Decimal
 .text          0x0000000005081a78      0x1b0 obj/default/debug.o
                0x0000000005081a78                debug_output
                0x0000000005081aac                myprintf
                0x0000000005081b18                myprintf_hex_array
                0x0000000005081ba0                myprintf_dword_array
 .text          0x0000000005081c28      0xe00 obj/default/main.o
                0x0000000005081c28                ui_is_mic_record
                0x0000000005081c60                ui_is_mic_boost
                0x0000000005081c98                ui_is_dac_zero_cross
                0x0000000005081cd0                ui_get_sample_rate
                0x0000000005081d70                button_monitor_isr
                0x0000000005081dcc                button_monitor_start
                0x0000000005081e10                init_audio
                0x0000000005081f98                display_time_elapsed
                0x0000000005081ff4                show_power
                0x000000000508208c                init
                0x00000000050820e4                dump_record_data
                0x00000000050821f4                show_menu
                0x00000000050822f8                tone_test
                0x00000000050829cc                main
 .text          0x0000000005082a28      0x684 obj/default/overdrive.o
                0x0000000005082ccc                od_init
                0x0000000005082dac                od_set_drive
                0x0000000005082de8                od_set_level
                0x0000000005082e24                od_set_mix
                0x0000000005082e60                od_set_drive_f
                0x0000000005082ec4                od_set_level_f
                0x0000000005082f28                od_set_mix_f
                0x0000000005082fbc                od_process_sample
 .text          0x00000000050830ac        0x0 c:/intelfpga_lite/20.1/nios2eds/bin/gnu/h-x86_64-mingw32/bin/../lib/gcc/nios2-elf/10.1.1/../../../../../H-x86_64-mingw32/nios2-elf/lib/mno-hw-mul\libm.a(lib_a-s_sin.o)
 .text.sin      0x00000000050830ac       0xc4 c:/intelfpga_lite/20.1/nios2eds/bin/gnu/h-x86_64-mingw32/bin/../lib/gcc/nios2-elf/10.1.1/../../../../../H-x86_64-mingw32/nios2-elf/lib/mno-hw-mul\libm.a(lib_a-s_sin.o)
                0x00000000050830ac                sin
 .text          0x0000000005083170        0x0 c:/intelfpga_lite/20.1/nios2eds/bin/gnu/h-x86_64-mingw32/bin/../lib/gcc/nios2-elf/10.1.1/../../../../../H-x86_64-mingw32/nios2-elf/lib/mno-hw-mul\libm.a(lib_a-e_rem_pio2.o)
 .text.__ieee754_rem_pio2
                0x0000000005083170      0x74c c:/intelfpga_lite/20.1/nios2eds/bin/gnu/h-x86_64-mingw32/bin/../lib/gcc/nios2-elf/10.1.1/../../../../../H-x86_64-mingw32/nios2-elf/lib/mno-hw-mul\libm.a(lib_a-e_rem_pio2.o)
                0x0000000005083170                __ieee754_rem_pio2
 .text          0x00000000050838bc        0x0 c:/intelfpga_lite/20.1/nios2eds/bin/gnu/h-x86_64-mingw32/bin/../lib/gcc/nios2-elf/10.1.1/../../../../../H-x86_64-mingw32/nios2-elf/lib/mno-hw-mul\libm.a(lib_a-k_cos.o)
 .text.__kernel_cos
                0x00000000050838bc      0x4ac c:/intelfpga_lite/20.1/nios2eds/bin/gnu/h-x86_64-mingw32/bin/../lib/gcc/nios2-elf/10.1.1/../../../../../H-x86_64-mingw32/nios2-elf/lib/mno-hw-mul\libm.a(lib_a-k_cos.o)
                0x00000000050838bc                __kernel_cos
 .text          0x0000000005083d68        0x0 c:/intelfpga_lite/20.1/nios2eds/bin/gnu/h-x86_64-mingw32/bin/../lib/gcc/nios2-elf/10.1.1/../../../../../H-x86_64-mingw32/nios2-elf/lib/mno-hw-mul\libm.a(lib_a-k_rem_pio2.o)
 .text.__kernel_rem_pio2
                0x0000000005083d68      0xcd8 c:/intelfpga_lite/20.1/nios2eds/bin/gnu/h-x86_64-mingw32/bin/../lib/gcc/nios2-elf/10.1.1/../../../../../H-x86_64-mingw32/nios2-elf/lib/mno-hw-mul\libm.a(lib_a-k_rem_pio2.o)
                0x0000000005083d68                __kernel_rem_pio2
 .text          0x0000000005084a40        0x0 c:/intelfpga_lite/20.1/nios2eds/bin/gnu/h-x86_64-mingw32/bin/../lib/gcc/nios2-elf/10.1.1/../../../../../H-x86_64-mingw32/nios2-elf/lib/mno-hw-mul\libm.a(lib_a-k_sin.o)
 .text.__kernel_sin
                0x0000000005084a40      0x2c8 c:/intelfpga_lite/20.1/nios2eds/bin/gnu/h-x86_64-mingw32/bin/../lib/gcc/nios2-elf/10.1.1/../../../../../H-x86_64-mingw32/nios2-elf/lib/mno-hw-mul\libm.a(lib_a-k_sin.o)
                0x0000000005084a40                __kernel_sin
 .text          0x0000000005084d08        0x0 c:/intelfpga_lite/20.1/nios2eds/bin/gnu/h-x86_64-mingw32/bin/../lib/gcc/nios2-elf/10.1.1/../../../../../H-x86_64-mingw32/nios2-elf/lib/mno-hw-mul\libm.a(lib_a-s_floor.o)
 .text.floor    0x0000000005084d08      0x1e4 c:/intelfpga_lite/20.1/nios2eds/bin/gnu/h-x86_64-mingw32/bin/../lib/gcc/nios2-elf/10.1.1/../../../../../H-x86_64-mingw32/nios2-elf/lib/mno-hw-mul\libm.a(lib_a-s_floor.o)
                0x0000000005084d08                floor
 .text          0x0000000005084eec        0x0 c:/intelfpga_lite/20.1/nios2eds/bin/gnu/h-x86_64-mingw32/bin/../lib/gcc/nios2-elf/10.1.1/../../../../../H-x86_64-mingw32/nios2-elf/lib/mno-hw-mul\libm.a(lib_a-s_scalbn.o)
 .text.scalbn   0x0000000005084eec      0x1c0 c:/intelfpga_lite/20.1/nios2eds/bin/gnu/h-x86_64-mingw32/bin/../lib/gcc/nios2-elf/10.1.1/../../../../../H-x86_64-mingw32/nios2-elf/lib/mno-hw-mul\libm.a(lib_a-s_scalbn.o)
                0x0000000005084eec                scalbn
 .text          0x00000000050850ac      0x104 c:/intelfpga_lite/20.1/nios2eds/bin/gnu/h-x86_64-mingw32/bin/../lib/gcc/nios2-elf/10.1.1/mno-hw-mul\libgcc.a(_muldi3.o)
                0x00000000050850ac                __muldi3
 .text          0x00000000050851b0      0x1b4 c:/intelfpga_lite/20.1/nios2eds/bin/gnu/h-x86_64-mingw32/bin/../lib/gcc/nios2-elf/10.1.1/mno-hw-mul\libgcc.a(lib2-divmod.o)
                0x00000000050851b0                __divsi3
                0x0000000005085230                __modsi3
                0x00000000050852a4                __udivsi3
                0x0000000005085308                __umodsi3
 .text          0x0000000005085364       0x28 c:/intelfpga_lite/20.1/nios2eds/bin/gnu/h-x86_64-mingw32/bin/../lib/gcc/nios2-elf/10.1.1/mno-hw-mul\libgcc.a(lib2-mul.o)
                0x0000000005085364                __mulsi3
 .text          0x000000000508538c      0x46c c:/intelfpga_lite/20.1/nios2eds/bin/gnu/h-x86_64-mingw32/bin/../lib/gcc/nios2-elf/10.1.1/mno-hw-mul\libgcc.a(addsf3.o)
                0x000000000508538c                __addsf3
 .text          0x00000000050857f8       0xb8 c:/intelfpga_lite/20.1/nios2eds/bin/gnu/h-x86_64-mingw32/bin/../lib/gcc/nios2-elf/10.1.1/mno-hw-mul\libgcc.a(gesf2.o)
                0x00000000050857f8                __gesf2
                0x00000000050857f8                __gtsf2
 .text          0x00000000050858b0       0xb4 c:/intelfpga_lite/20.1/nios2eds/bin/gnu/h-x86_64-mingw32/bin/../lib/gcc/nios2-elf/10.1.1/mno-hw-mul\libgcc.a(lesf2.o)
                0x00000000050858b0                __ltsf2
                0x00000000050858b0                __lesf2
 .text          0x0000000005085964      0x400 c:/intelfpga_lite/20.1/nios2eds/bin/gnu/h-x86_64-mingw32/bin/../lib/gcc/nios2-elf/10.1.1/mno-hw-mul\libgcc.a(mulsf3.o)
                0x0000000005085964                __mulsf3
 .text          0x0000000005085d64      0x494 c:/intelfpga_lite/20.1/nios2eds/bin/gnu/h-x86_64-mingw32/bin/../lib/gcc/nios2-elf/10.1.1/mno-hw-mul\libgcc.a(subsf3.o)
                0x0000000005085d64                __subsf3
 .text          0x00000000050861f8       0x70 c:/intelfpga_lite/20.1/nios2eds/bin/gnu/h-x86_64-mingw32/bin/../lib/gcc/nios2-elf/10.1.1/mno-hw-mul\libgcc.a(fixsfsi.o)
                0x00000000050861f8                __fixsfsi
 .text          0x0000000005086268      0x8f0 c:/intelfpga_lite/20.1/nios2eds/bin/gnu/h-x86_64-mingw32/bin/../lib/gcc/nios2-elf/10.1.1/mno-hw-mul\libgcc.a(adddf3.o)
                0x0000000005086268                __adddf3
 .text          0x0000000005086b58       0x80 c:/intelfpga_lite/20.1/nios2eds/bin/gnu/h-x86_64-mingw32/bin/../lib/gcc/nios2-elf/10.1.1/mno-hw-mul\libgcc.a(eqdf2.o)
                0x0000000005086b58                __nedf2
                0x0000000005086b58                __eqdf2
 .text          0x0000000005086bd8       0xe8 c:/intelfpga_lite/20.1/nios2eds/bin/gnu/h-x86_64-mingw32/bin/../lib/gcc/nios2-elf/10.1.1/mno-hw-mul\libgcc.a(gedf2.o)
                0x0000000005086bd8                __gedf2
                0x0000000005086bd8                __gtdf2
 .text          0x0000000005086cc0      0x7ac c:/intelfpga_lite/20.1/nios2eds/bin/gnu/h-x86_64-mingw32/bin/../lib/gcc/nios2-elf/10.1.1/mno-hw-mul\libgcc.a(muldf3.o)
                0x0000000005086cc0                __muldf3
 .text          0x000000000508746c      0x8b4 c:/intelfpga_lite/20.1/nios2eds/bin/gnu/h-x86_64-mingw32/bin/../lib/gcc/nios2-elf/10.1.1/mno-hw-mul\libgcc.a(subdf3.o)
                0x000000000508746c                __subdf3
 .text          0x0000000005087d20       0x80 c:/intelfpga_lite/20.1/nios2eds/bin/gnu/h-x86_64-mingw32/bin/../lib/gcc/nios2-elf/10.1.1/mno-hw-mul\libgcc.a(fixdfsi.o)
                0x0000000005087d20                __fixdfsi
 .text          0x0000000005087da0       0xb8 c:/intelfpga_lite/20.1/nios2eds/bin/gnu/h-x86_64-mingw32/bin/../lib/gcc/nios2-elf/10.1.1/mno-hw-mul\libgcc.a(floatsidf.o)
                0x0000000005087da0                __floatsidf
 .text          0x0000000005087e58       0xfc c:/intelfpga_lite/20.1/nios2eds/bin/gnu/h-x86_64-mingw32/bin/../lib/gcc/nios2-elf/10.1.1/mno-hw-mul\libgcc.a(extendsfdf2.o)
                0x0000000005087e58                __extendsfdf2
 .text          0x0000000005087f54       0x54 c:/intelfpga_lite/20.1/nios2eds/bin/gnu/h-x86_64-mingw32/bin/../lib/gcc/nios2-elf/10.1.1/mno-hw-mul\libgcc.a(_clzsi2.o)
                0x0000000005087f54                __clzsi2
 .text          0x0000000005087fa8        0x0 c:/intelfpga_lite/20.1/nios2eds/bin/gnu/h-x86_64-mingw32/bin/../lib/gcc/nios2-elf/10.1.1/mno-hw-mul\libgcc.a(_clz.o)
 .text          0x0000000005087fa8        0x0 c:/intelfpga_lite/20.1/nios2eds/bin/gnu/h-x86_64-mingw32/bin/../lib/gcc/nios2-elf/10.1.1/../../../../../H-x86_64-mingw32/nios2-elf/lib/mno-hw-mul\libc.a(lib_a-printf.o)
 .text._printf_r
                0x0000000005087fa8       0x30 c:/intelfpga_lite/20.1/nios2eds/bin/gnu/h-x86_64-mingw32/bin/../lib/gcc/nios2-elf/10.1.1/../../../../../H-x86_64-mingw32/nios2-elf/lib/mno-hw-mul\libc.a(lib_a-printf.o)
                0x0000000005087fa8                _printf_r
 .text.printf   0x0000000005087fd8       0x38 c:/intelfpga_lite/20.1/nios2eds/bin/gnu/h-x86_64-mingw32/bin/../lib/gcc/nios2-elf/10.1.1/../../../../../H-x86_64-mingw32/nios2-elf/lib/mno-hw-mul\libc.a(lib_a-printf.o)
                0x0000000005087fd8                printf
 .text          0x0000000005088010        0x0 c:/intelfpga_lite/20.1/nios2eds/bin/gnu/h-x86_64-mingw32/bin/../lib/gcc/nios2-elf/10.1.1/../../../../../H-x86_64-mingw32/nios2-elf/lib/mno-hw-mul\libc.a(lib_a-puts.o)
 .text._puts_r  0x0000000005088010       0xcc c:/intelfpga_lite/20.1/nios2eds/bin/gnu/h-x86_64-mingw32/bin/../lib/gcc/nios2-elf/10.1.1/../../../../../H-x86_64-mingw32/nios2-elf/lib/mno-hw-mul\libc.a(lib_a-puts.o)
                0x0000000005088010                _puts_r
 .text.puts     0x00000000050880dc       0x10 c:/intelfpga_lite/20.1/nios2eds/bin/gnu/h-x86_64-mingw32/bin/../lib/gcc/nios2-elf/10.1.1/../../../../../H-x86_64-mingw32/nios2-elf/lib/mno-hw-mul\libc.a(lib_a-puts.o)
                0x00000000050880dc                puts
 .text          0x00000000050880ec        0x0 c:/intelfpga_lite/20.1/nios2eds/bin/gnu/h-x86_64-mingw32/bin/../lib/gcc/nios2-elf/10.1.1/../../../../../H-x86_64-mingw32/nios2-elf/lib/mno-hw-mul\libc.a(lib_a-sprintf.o)
 .text._sprintf_r
                0x00000000050880ec       0x54 c:/intelfpga_lite/20.1/nios2eds/bin/gnu/h-x86_64-mingw32/bin/../lib/gcc/nios2-elf/10.1.1/../../../../../H-x86_64-mingw32/nios2-elf/lib/mno-hw-mul\libc.a(lib_a-sprintf.o)
                0x00000000050880ec                _sprintf_r
 .text.sprintf  0x0000000005088140       0x64 c:/intelfpga_lite/20.1/nios2eds/bin/gnu/h-x86_64-mingw32/bin/../lib/gcc/nios2-elf/10.1.1/../../../../../H-x86_64-mingw32/nios2-elf/lib/mno-hw-mul\libc.a(lib_a-sprintf.o)
                0x0000000005088140                sprintf
 .text          0x00000000050881a4        0x0 c:/intelfpga_lite/20.1/nios2eds/bin/gnu/h-x86_64-mingw32/bin/../lib/gcc/nios2-elf/10.1.1/../../../../../H-x86_64-mingw32/nios2-elf/lib/mno-hw-mul\libc.a(lib_a-strlen.o)
 .text.strlen   0x00000000050881a4       0x98 c:/intelfpga_lite/20.1/nios2eds/bin/gnu/h-x86_64-mingw32/bin/../lib/gcc/nios2-elf/10.1.1/../../../../../H-x86_64-mingw32/nios2-elf/lib/mno-hw-mul\libc.a(lib_a-strlen.o)
                0x00000000050881a4                strlen
 .text          0x000000000508823c        0x0 c:/intelfpga_lite/20.1/nios2eds/bin/gnu/h-x86_64-mingw32/bin/../lib/gcc/nios2-elf/10.1.1/../../../../../H-x86_64-mingw32/nios2-elf/lib/mno-hw-mul\libc.a(lib_a-svfprintf.o)
 .text.___svfprintf_internal_r
                0x000000000508823c     0x2090 c:/intelfpga_lite/20.1/nios2eds/bin/gnu/h-x86_64-mingw32/bin/../lib/gcc/nios2-elf/10.1.1/../../../../../H-x86_64-mingw32/nios2-elf/lib/mno-hw-mul\libc.a(lib_a-svfprintf.o)
                0x000000000508823c                ___svfprintf_internal_r
 .text          0x000000000508a2cc        0x0 c:/intelfpga_lite/20.1/nios2eds/bin/gnu/h-x86_64-mingw32/bin/../lib/gcc/nios2-elf/10.1.1/../../../../../H-x86_64-mingw32/nios2-elf/lib/mno-hw-mul\libc.a(lib_a-vfprintf.o)
 .text.___vfprintf_internal_r
                0x000000000508a2cc     0x2104 c:/intelfpga_lite/20.1/nios2eds/bin/gnu/h-x86_64-mingw32/bin/../lib/gcc/nios2-elf/10.1.1/../../../../../H-x86_64-mingw32/nios2-elf/lib/mno-hw-mul\libc.a(lib_a-vfprintf.o)
                0x000000000508a2cc                ___vfprintf_internal_r
 .text.__vfprintf_internal
                0x000000000508c3d0       0x1c c:/intelfpga_lite/20.1/nios2eds/bin/gnu/h-x86_64-mingw32/bin/../lib/gcc/nios2-elf/10.1.1/../../../../../H-x86_64-mingw32/nios2-elf/lib/mno-hw-mul\libc.a(lib_a-vfprintf.o)
                0x000000000508c3d0                __vfprintf_internal
 .text.__sbprintf
                0x000000000508c3ec       0xc0 c:/intelfpga_lite/20.1/nios2eds/bin/gnu/h-x86_64-mingw32/bin/../lib/gcc/nios2-elf/10.1.1/../../../../../H-x86_64-mingw32/nios2-elf/lib/mno-hw-mul\libc.a(lib_a-vfprintf.o)
 .text          0x000000000508c4ac        0x0 c:/intelfpga_lite/20.1/nios2eds/bin/gnu/h-x86_64-mingw32/bin/../lib/gcc/nios2-elf/10.1.1/../../../../../H-x86_64-mingw32/nios2-elf/lib/mno-hw-mul\libc.a(lib_a-vsnprintf.o)
 .text.vsnprintf
                0x000000000508c4ac       0xc0 c:/intelfpga_lite/20.1/nios2eds/bin/gnu/h-x86_64-mingw32/bin/../lib/gcc/nios2-elf/10.1.1/../../../../../H-x86_64-mingw32/nios2-elf/lib/mno-hw-mul\libc.a(lib_a-vsnprintf.o)
                0x000000000508c4ac                vsnprintf
 .text._vsnprintf_r
                0x000000000508c56c       0xcc c:/intelfpga_lite/20.1/nios2eds/bin/gnu/h-x86_64-mingw32/bin/../lib/gcc/nios2-elf/10.1.1/../../../../../H-x86_64-mingw32/nios2-elf/lib/mno-hw-mul\libc.a(lib_a-vsnprintf.o)
                0x000000000508c56c                _vsnprintf_r
 .text          0x000000000508c638        0x0 c:/intelfpga_lite/20.1/nios2eds/bin/gnu/h-x86_64-mingw32/bin/../lib/gcc/nios2-elf/10.1.1/../../../../../H-x86_64-mingw32/nios2-elf/lib/mno-hw-mul\libc.a(lib_a-wsetup.o)
 .text.__swsetup_r
                0x000000000508c638      0x164 c:/intelfpga_lite/20.1/nios2eds/bin/gnu/h-x86_64-mingw32/bin/../lib/gcc/nios2-elf/10.1.1/../../../../../H-x86_64-mingw32/nios2-elf/lib/mno-hw-mul\libc.a(lib_a-wsetup.o)
                0x000000000508c638                __swsetup_r
 .text          0x000000000508c79c        0x0 c:/intelfpga_lite/20.1/nios2eds/bin/gnu/h-x86_64-mingw32/bin/../lib/gcc/nios2-elf/10.1.1/../../../../../H-x86_64-mingw32/nios2-elf/lib/mno-hw-mul\libc.a(lib_a-dtoa.o)
 .text.quorem   0x000000000508c79c      0x220 c:/intelfpga_lite/20.1/nios2eds/bin/gnu/h-x86_64-mingw32/bin/../lib/gcc/nios2-elf/10.1.1/../../../../../H-x86_64-mingw32/nios2-elf/lib/mno-hw-mul\libc.a(lib_a-dtoa.o)
 .text._dtoa_r  0x000000000508c9bc     0x1748 c:/intelfpga_lite/20.1/nios2eds/bin/gnu/h-x86_64-mingw32/bin/../lib/gcc/nios2-elf/10.1.1/../../../../../H-x86_64-mingw32/nios2-elf/lib/mno-hw-mul\libc.a(lib_a-dtoa.o)
                0x000000000508c9bc                _dtoa_r
 .text          0x000000000508e104        0x0 c:/intelfpga_lite/20.1/nios2eds/bin/gnu/h-x86_64-mingw32/bin/../lib/gcc/nios2-elf/10.1.1/../../../../../H-x86_64-mingw32/nios2-elf/lib/mno-hw-mul\libc.a(lib_a-fflush.o)
 .text.__sflush_r
                0x000000000508e104      0x228 c:/intelfpga_lite/20.1/nios2eds/bin/gnu/h-x86_64-mingw32/bin/../lib/gcc/nios2-elf/10.1.1/../../../../../H-x86_64-mingw32/nios2-elf/lib/mno-hw-mul\libc.a(lib_a-fflush.o)
                0x000000000508e104                __sflush_r
 .text._fflush_r
                0x000000000508e32c       0x60 c:/intelfpga_lite/20.1/nios2eds/bin/gnu/h-x86_64-mingw32/bin/../lib/gcc/nios2-elf/10.1.1/../../../../../H-x86_64-mingw32/nios2-elf/lib/mno-hw-mul\libc.a(lib_a-fflush.o)
                0x000000000508e32c                _fflush_r
 .text.fflush   0x000000000508e38c       0x84 c:/intelfpga_lite/20.1/nios2eds/bin/gnu/h-x86_64-mingw32/bin/../lib/gcc/nios2-elf/10.1.1/../../../../../H-x86_64-mingw32/nios2-elf/lib/mno-hw-mul\libc.a(lib_a-fflush.o)
                0x000000000508e38c                fflush
 .text          0x000000000508e410        0x0 c:/intelfpga_lite/20.1/nios2eds/bin/gnu/h-x86_64-mingw32/bin/../lib/gcc/nios2-elf/10.1.1/../../../../../H-x86_64-mingw32/nios2-elf/lib/mno-hw-mul\libc.a(lib_a-findfp.o)
 .text.__fp_lock
                0x000000000508e410        0x8 c:/intelfpga_lite/20.1/nios2eds/bin/gnu/h-x86_64-mingw32/bin/../lib/gcc/nios2-elf/10.1.1/../../../../../H-x86_64-mingw32/nios2-elf/lib/mno-hw-mul\libc.a(lib_a-findfp.o)
 .text._cleanup_r
                0x000000000508e418        0xc c:/intelfpga_lite/20.1/nios2eds/bin/gnu/h-x86_64-mingw32/bin/../lib/gcc/nios2-elf/10.1.1/../../../../../H-x86_64-mingw32/nios2-elf/lib/mno-hw-mul\libc.a(lib_a-findfp.o)
                0x000000000508e418                _cleanup_r
 .text.__fp_unlock
                0x000000000508e424        0x8 c:/intelfpga_lite/20.1/nios2eds/bin/gnu/h-x86_64-mingw32/bin/../lib/gcc/nios2-elf/10.1.1/../../../../../H-x86_64-mingw32/nios2-elf/lib/mno-hw-mul\libc.a(lib_a-findfp.o)
 .text.__sinit.part.0
                0x000000000508e42c      0x168 c:/intelfpga_lite/20.1/nios2eds/bin/gnu/h-x86_64-mingw32/bin/../lib/gcc/nios2-elf/10.1.1/../../../../../H-x86_64-mingw32/nios2-elf/lib/mno-hw-mul\libc.a(lib_a-findfp.o)
 .text.__sfmoreglue
                0x000000000508e594       0x78 c:/intelfpga_lite/20.1/nios2eds/bin/gnu/h-x86_64-mingw32/bin/../lib/gcc/nios2-elf/10.1.1/../../../../../H-x86_64-mingw32/nios2-elf/lib/mno-hw-mul\libc.a(lib_a-findfp.o)
                0x000000000508e594                __sfmoreglue
 .text.__sfp    0x000000000508e60c      0x154 c:/intelfpga_lite/20.1/nios2eds/bin/gnu/h-x86_64-mingw32/bin/../lib/gcc/nios2-elf/10.1.1/../../../../../H-x86_64-mingw32/nios2-elf/lib/mno-hw-mul\libc.a(lib_a-findfp.o)
                0x000000000508e60c                __sfp
 .text._cleanup
                0x000000000508e760       0x14 c:/intelfpga_lite/20.1/nios2eds/bin/gnu/h-x86_64-mingw32/bin/../lib/gcc/nios2-elf/10.1.1/../../../../../H-x86_64-mingw32/nios2-elf/lib/mno-hw-mul\libc.a(lib_a-findfp.o)
                0x000000000508e760                _cleanup
 .text.__sinit  0x000000000508e774       0x10 c:/intelfpga_lite/20.1/nios2eds/bin/gnu/h-x86_64-mingw32/bin/../lib/gcc/nios2-elf/10.1.1/../../../../../H-x86_64-mingw32/nios2-elf/lib/mno-hw-mul\libc.a(lib_a-findfp.o)
                0x000000000508e774                __sinit
 .text.__sfp_lock_acquire
                0x000000000508e784        0x4 c:/intelfpga_lite/20.1/nios2eds/bin/gnu/h-x86_64-mingw32/bin/../lib/gcc/nios2-elf/10.1.1/../../../../../H-x86_64-mingw32/nios2-elf/lib/mno-hw-mul\libc.a(lib_a-findfp.o)
                0x000000000508e784                __sfp_lock_acquire
 .text.__sfp_lock_release
                0x000000000508e788        0x4 c:/intelfpga_lite/20.1/nios2eds/bin/gnu/h-x86_64-mingw32/bin/../lib/gcc/nios2-elf/10.1.1/../../../../../H-x86_64-mingw32/nios2-elf/lib/mno-hw-mul\libc.a(lib_a-findfp.o)
                0x000000000508e788                __sfp_lock_release
 .text.__sinit_lock_acquire
                0x000000000508e78c        0x4 c:/intelfpga_lite/20.1/nios2eds/bin/gnu/h-x86_64-mingw32/bin/../lib/gcc/nios2-elf/10.1.1/../../../../../H-x86_64-mingw32/nios2-elf/lib/mno-hw-mul\libc.a(lib_a-findfp.o)
                0x000000000508e78c                __sinit_lock_acquire
 .text.__sinit_lock_release
                0x000000000508e790        0x4 c:/intelfpga_lite/20.1/nios2eds/bin/gnu/h-x86_64-mingw32/bin/../lib/gcc/nios2-elf/10.1.1/../../../../../H-x86_64-mingw32/nios2-elf/lib/mno-hw-mul\libc.a(lib_a-findfp.o)
                0x000000000508e790                __sinit_lock_release
 .text.__fp_lock_all
                0x000000000508e794       0x14 c:/intelfpga_lite/20.1/nios2eds/bin/gnu/h-x86_64-mingw32/bin/../lib/gcc/nios2-elf/10.1.1/../../../../../H-x86_64-mingw32/nios2-elf/lib/mno-hw-mul\libc.a(lib_a-findfp.o)
                0x000000000508e794                __fp_lock_all
 .text.__fp_unlock_all
                0x000000000508e7a8       0x14 c:/intelfpga_lite/20.1/nios2eds/bin/gnu/h-x86_64-mingw32/bin/../lib/gcc/nios2-elf/10.1.1/../../../../../H-x86_64-mingw32/nios2-elf/lib/mno-hw-mul\libc.a(lib_a-findfp.o)
                0x000000000508e7a8                __fp_unlock_all
 .text          0x000000000508e7bc        0x0 c:/intelfpga_lite/20.1/nios2eds/bin/gnu/h-x86_64-mingw32/bin/../lib/gcc/nios2-elf/10.1.1/../../../../../H-x86_64-mingw32/nios2-elf/lib/mno-hw-mul\libc.a(lib_a-freer.o)
 .text._malloc_trim_r
                0x000000000508e7bc      0x11c c:/intelfpga_lite/20.1/nios2eds/bin/gnu/h-x86_64-mingw32/bin/../lib/gcc/nios2-elf/10.1.1/../../../../../H-x86_64-mingw32/nios2-elf/lib/mno-hw-mul\libc.a(lib_a-freer.o)
                0x000000000508e7bc                _malloc_trim_r
 .text._free_r  0x000000000508e8d8      0x2fc c:/intelfpga_lite/20.1/nios2eds/bin/gnu/h-x86_64-mingw32/bin/../lib/gcc/nios2-elf/10.1.1/../../../../../H-x86_64-mingw32/nios2-elf/lib/mno-hw-mul\libc.a(lib_a-freer.o)
                0x000000000508e8d8                _free_r
 .text          0x000000000508ebd4        0x0 c:/intelfpga_lite/20.1/nios2eds/bin/gnu/h-x86_64-mingw32/bin/../lib/gcc/nios2-elf/10.1.1/../../../../../H-x86_64-mingw32/nios2-elf/lib/mno-hw-mul\libc.a(lib_a-fvwrite.o)
 .text.__sfvwrite_r
                0x000000000508ebd4      0x4c8 c:/intelfpga_lite/20.1/nios2eds/bin/gnu/h-x86_64-mingw32/bin/../lib/gcc/nios2-elf/10.1.1/../../../../../H-x86_64-mingw32/nios2-elf/lib/mno-hw-mul\libc.a(lib_a-fvwrite.o)
                0x000000000508ebd4                __sfvwrite_r
 .text          0x000000000508f09c        0x0 c:/intelfpga_lite/20.1/nios2eds/bin/gnu/h-x86_64-mingw32/bin/../lib/gcc/nios2-elf/10.1.1/../../../../../H-x86_64-mingw32/nios2-elf/lib/mno-hw-mul\libc.a(lib_a-fwalk.o)
 .text._fwalk   0x000000000508f09c       0x98 c:/intelfpga_lite/20.1/nios2eds/bin/gnu/h-x86_64-mingw32/bin/../lib/gcc/nios2-elf/10.1.1/../../../../../H-x86_64-mingw32/nios2-elf/lib/mno-hw-mul\libc.a(lib_a-fwalk.o)
                0x000000000508f09c                _fwalk
 .text._fwalk_reent
                0x000000000508f134       0xa8 c:/intelfpga_lite/20.1/nios2eds/bin/gnu/h-x86_64-mingw32/bin/../lib/gcc/nios2-elf/10.1.1/../../../../../H-x86_64-mingw32/nios2-elf/lib/mno-hw-mul\libc.a(lib_a-fwalk.o)
                0x000000000508f134                _fwalk_reent
 .text          0x000000000508f1dc        0x0 c:/intelfpga_lite/20.1/nios2eds/bin/gnu/h-x86_64-mingw32/bin/../lib/gcc/nios2-elf/10.1.1/../../../../../H-x86_64-mingw32/nios2-elf/lib/mno-hw-mul\libc.a(lib_a-impure.o)
 .text          0x000000000508f1dc        0x0 c:/intelfpga_lite/20.1/nios2eds/bin/gnu/h-x86_64-mingw32/bin/../lib/gcc/nios2-elf/10.1.1/../../../../../H-x86_64-mingw32/nios2-elf/lib/mno-hw-mul\libc.a(lib_a-localeconv.o)
 .text.__localeconv_l
                0x000000000508f1dc        0x8 c:/intelfpga_lite/20.1/nios2eds/bin/gnu/h-x86_64-mingw32/bin/../lib/gcc/nios2-elf/10.1.1/../../../../../H-x86_64-mingw32/nios2-elf/lib/mno-hw-mul\libc.a(lib_a-localeconv.o)
                0x000000000508f1dc                __localeconv_l
 .text._localeconv_r
                0x000000000508f1e4        0xc c:/intelfpga_lite/20.1/nios2eds/bin/gnu/h-x86_64-mingw32/bin/../lib/gcc/nios2-elf/10.1.1/../../../../../H-x86_64-mingw32/nios2-elf/lib/mno-hw-mul\libc.a(lib_a-localeconv.o)
                0x000000000508f1e4                _localeconv_r
 .text.localeconv
                0x000000000508f1f0        0xc c:/intelfpga_lite/20.1/nios2eds/bin/gnu/h-x86_64-mingw32/bin/../lib/gcc/nios2-elf/10.1.1/../../../../../H-x86_64-mingw32/nios2-elf/lib/mno-hw-mul\libc.a(lib_a-localeconv.o)
                0x000000000508f1f0                localeconv
 .text          0x000000000508f1fc        0x0 c:/intelfpga_lite/20.1/nios2eds/bin/gnu/h-x86_64-mingw32/bin/../lib/gcc/nios2-elf/10.1.1/../../../../../H-x86_64-mingw32/nios2-elf/lib/mno-hw-mul\libc.a(lib_a-makebuf.o)
 .text.__smakebuf_r
                0x000000000508f1fc      0x1b0 c:/intelfpga_lite/20.1/nios2eds/bin/gnu/h-x86_64-mingw32/bin/../lib/gcc/nios2-elf/10.1.1/../../../../../H-x86_64-mingw32/nios2-elf/lib/mno-hw-mul\libc.a(lib_a-makebuf.o)
                0x000000000508f1fc                __smakebuf_r
 .text.__swhatbuf_r
                0x000000000508f3ac       0x98 c:/intelfpga_lite/20.1/nios2eds/bin/gnu/h-x86_64-mingw32/bin/../lib/gcc/nios2-elf/10.1.1/../../../../../H-x86_64-mingw32/nios2-elf/lib/mno-hw-mul\libc.a(lib_a-makebuf.o)
                0x000000000508f3ac                __swhatbuf_r
 .text          0x000000000508f444        0x0 c:/intelfpga_lite/20.1/nios2eds/bin/gnu/h-x86_64-mingw32/bin/../lib/gcc/nios2-elf/10.1.1/../../../../../H-x86_64-mingw32/nios2-elf/lib/mno-hw-mul\libc.a(lib_a-mallocr.o)
 .text._malloc_r
                0x000000000508f444      0x7e0 c:/intelfpga_lite/20.1/nios2eds/bin/gnu/h-x86_64-mingw32/bin/../lib/gcc/nios2-elf/10.1.1/../../../../../H-x86_64-mingw32/nios2-elf/lib/mno-hw-mul\libc.a(lib_a-mallocr.o)
                0x000000000508f444                _malloc_r
 .text          0x000000000508fc24        0x0 c:/intelfpga_lite/20.1/nios2eds/bin/gnu/h-x86_64-mingw32/bin/../lib/gcc/nios2-elf/10.1.1/../../../../../H-x86_64-mingw32/nios2-elf/lib/mno-hw-mul\libc.a(lib_a-memchr.o)
 .text.memchr   0x000000000508fc24       0xd0 c:/intelfpga_lite/20.1/nios2eds/bin/gnu/h-x86_64-mingw32/bin/../lib/gcc/nios2-elf/10.1.1/../../../../../H-x86_64-mingw32/nios2-elf/lib/mno-hw-mul\libc.a(lib_a-memchr.o)
                0x000000000508fc24                memchr
 .text          0x000000000508fcf4        0x0 c:/intelfpga_lite/20.1/nios2eds/bin/gnu/h-x86_64-mingw32/bin/../lib/gcc/nios2-elf/10.1.1/../../../../../H-x86_64-mingw32/nios2-elf/lib/mno-hw-mul\libc.a(lib_a-memcpy.o)
 .text.memcpy   0x000000000508fcf4      0x100 c:/intelfpga_lite/20.1/nios2eds/bin/gnu/h-x86_64-mingw32/bin/../lib/gcc/nios2-elf/10.1.1/../../../../../H-x86_64-mingw32/nios2-elf/lib/mno-hw-mul\libc.a(lib_a-memcpy.o)
                0x000000000508fcf4                memcpy
 .text          0x000000000508fdf4        0x0 c:/intelfpga_lite/20.1/nios2eds/bin/gnu/h-x86_64-mingw32/bin/../lib/gcc/nios2-elf/10.1.1/../../../../../H-x86_64-mingw32/nios2-elf/lib/mno-hw-mul\libc.a(lib_a-memmove.o)
 .text.memmove  0x000000000508fdf4      0x12c c:/intelfpga_lite/20.1/nios2eds/bin/gnu/h-x86_64-mingw32/bin/../lib/gcc/nios2-elf/10.1.1/../../../../../H-x86_64-mingw32/nios2-elf/lib/mno-hw-mul\libc.a(lib_a-memmove.o)
                0x000000000508fdf4                memmove
 .text          0x000000000508ff20        0x0 c:/intelfpga_lite/20.1/nios2eds/bin/gnu/h-x86_64-mingw32/bin/../lib/gcc/nios2-elf/10.1.1/../../../../../H-x86_64-mingw32/nios2-elf/lib/mno-hw-mul\libc.a(lib_a-memset.o)
 .text.memset   0x000000000508ff20       0xf0 c:/intelfpga_lite/20.1/nios2eds/bin/gnu/h-x86_64-mingw32/bin/../lib/gcc/nios2-elf/10.1.1/../../../../../H-x86_64-mingw32/nios2-elf/lib/mno-hw-mul\libc.a(lib_a-memset.o)
                0x000000000508ff20                memset
 .text          0x0000000005090010        0x0 c:/intelfpga_lite/20.1/nios2eds/bin/gnu/h-x86_64-mingw32/bin/../lib/gcc/nios2-elf/10.1.1/../../../../../H-x86_64-mingw32/nios2-elf/lib/mno-hw-mul\libc.a(lib_a-mprec.o)
 .text._Balloc  0x0000000005090010       0xa4 c:/intelfpga_lite/20.1/nios2eds/bin/gnu/h-x86_64-mingw32/bin/../lib/gcc/nios2-elf/10.1.1/../../../../../H-x86_64-mingw32/nios2-elf/lib/mno-hw-mul\libc.a(lib_a-mprec.o)
                0x0000000005090010                _Balloc
 .text._Bfree   0x00000000050900b4       0x24 c:/intelfpga_lite/20.1/nios2eds/bin/gnu/h-x86_64-mingw32/bin/../lib/gcc/nios2-elf/10.1.1/../../../../../H-x86_64-mingw32/nios2-elf/lib/mno-hw-mul\libc.a(lib_a-mprec.o)
                0x00000000050900b4                _Bfree
 .text.__multadd
                0x00000000050900d8      0x15c c:/intelfpga_lite/20.1/nios2eds/bin/gnu/h-x86_64-mingw32/bin/../lib/gcc/nios2-elf/10.1.1/../../../../../H-x86_64-mingw32/nios2-elf/lib/mno-hw-mul\libc.a(lib_a-mprec.o)
                0x00000000050900d8                __multadd
 .text.__s2b    0x0000000005090234      0x138 c:/intelfpga_lite/20.1/nios2eds/bin/gnu/h-x86_64-mingw32/bin/../lib/gcc/nios2-elf/10.1.1/../../../../../H-x86_64-mingw32/nios2-elf/lib/mno-hw-mul\libc.a(lib_a-mprec.o)
                0x0000000005090234                __s2b
 .text.__hi0bits
                0x000000000509036c       0x64 c:/intelfpga_lite/20.1/nios2eds/bin/gnu/h-x86_64-mingw32/bin/../lib/gcc/nios2-elf/10.1.1/../../../../../H-x86_64-mingw32/nios2-elf/lib/mno-hw-mul\libc.a(lib_a-mprec.o)
                0x000000000509036c                __hi0bits
 .text.__lo0bits
                0x00000000050903d0       0xb0 c:/intelfpga_lite/20.1/nios2eds/bin/gnu/h-x86_64-mingw32/bin/../lib/gcc/nios2-elf/10.1.1/../../../../../H-x86_64-mingw32/nios2-elf/lib/mno-hw-mul\libc.a(lib_a-mprec.o)
                0x00000000050903d0                __lo0bits
 .text.__i2b    0x0000000005090480       0xb0 c:/intelfpga_lite/20.1/nios2eds/bin/gnu/h-x86_64-mingw32/bin/../lib/gcc/nios2-elf/10.1.1/../../../../../H-x86_64-mingw32/nios2-elf/lib/mno-hw-mul\libc.a(lib_a-mprec.o)
                0x0000000005090480                __i2b
 .text.__multiply
                0x0000000005090530      0x2c4 c:/intelfpga_lite/20.1/nios2eds/bin/gnu/h-x86_64-mingw32/bin/../lib/gcc/nios2-elf/10.1.1/../../../../../H-x86_64-mingw32/nios2-elf/lib/mno-hw-mul\libc.a(lib_a-mprec.o)
                0x0000000005090530                __multiply
 .text.__pow5mult
                0x00000000050907f4      0x148 c:/intelfpga_lite/20.1/nios2eds/bin/gnu/h-x86_64-mingw32/bin/../lib/gcc/nios2-elf/10.1.1/../../../../../H-x86_64-mingw32/nios2-elf/lib/mno-hw-mul\libc.a(lib_a-mprec.o)
                0x00000000050907f4                __pow5mult
 .text.__lshift
                0x000000000509093c      0x188 c:/intelfpga_lite/20.1/nios2eds/bin/gnu/h-x86_64-mingw32/bin/../lib/gcc/nios2-elf/10.1.1/../../../../../H-x86_64-mingw32/nios2-elf/lib/mno-hw-mul\libc.a(lib_a-mprec.o)
                0x000000000509093c                __lshift
 .text.__mcmp   0x0000000005090ac4       0x58 c:/intelfpga_lite/20.1/nios2eds/bin/gnu/h-x86_64-mingw32/bin/../lib/gcc/nios2-elf/10.1.1/../../../../../H-x86_64-mingw32/nios2-elf/lib/mno-hw-mul\libc.a(lib_a-mprec.o)
                0x0000000005090ac4                __mcmp
 .text.__mdiff  0x0000000005090b1c      0x22c c:/intelfpga_lite/20.1/nios2eds/bin/gnu/h-x86_64-mingw32/bin/../lib/gcc/nios2-elf/10.1.1/../../../../../H-x86_64-mingw32/nios2-elf/lib/mno-hw-mul\libc.a(lib_a-mprec.o)
                0x0000000005090b1c                __mdiff
 .text.__ulp    0x0000000005090d48       0x5c c:/intelfpga_lite/20.1/nios2eds/bin/gnu/h-x86_64-mingw32/bin/../lib/gcc/nios2-elf/10.1.1/../../../../../H-x86_64-mingw32/nios2-elf/lib/mno-hw-mul\libc.a(lib_a-mprec.o)
                0x0000000005090d48                __ulp
 .text.__b2d    0x0000000005090da4      0x108 c:/intelfpga_lite/20.1/nios2eds/bin/gnu/h-x86_64-mingw32/bin/../lib/gcc/nios2-elf/10.1.1/../../../../../H-x86_64-mingw32/nios2-elf/lib/mno-hw-mul\libc.a(lib_a-mprec.o)
                0x0000000005090da4                __b2d
 .text.__d2b    0x0000000005090eac      0x164 c:/intelfpga_lite/20.1/nios2eds/bin/gnu/h-x86_64-mingw32/bin/../lib/gcc/nios2-elf/10.1.1/../../../../../H-x86_64-mingw32/nios2-elf/lib/mno-hw-mul\libc.a(lib_a-mprec.o)
                0x0000000005090eac                __d2b
 .text.__ratio  0x0000000005091010       0xa4 c:/intelfpga_lite/20.1/nios2eds/bin/gnu/h-x86_64-mingw32/bin/../lib/gcc/nios2-elf/10.1.1/../../../../../H-x86_64-mingw32/nios2-elf/lib/mno-hw-mul\libc.a(lib_a-mprec.o)
                0x0000000005091010                __ratio
 .text._mprec_log10
                0x00000000050910b4       0x70 c:/intelfpga_lite/20.1/nios2eds/bin/gnu/h-x86_64-mingw32/bin/../lib/gcc/nios2-elf/10.1.1/../../../../../H-x86_64-mingw32/nios2-elf/lib/mno-hw-mul\libc.a(lib_a-mprec.o)
                0x00000000050910b4                _mprec_log10
 .text.__copybits
                0x0000000005091124       0x7c c:/intelfpga_lite/20.1/nios2eds/bin/gnu/h-x86_64-mingw32/bin/../lib/gcc/nios2-elf/10.1.1/../../../../../H-x86_64-mingw32/nios2-elf/lib/mno-hw-mul\libc.a(lib_a-mprec.o)
                0x0000000005091124                __copybits
 .text.__any_on
                0x00000000050911a0       0x60 c:/intelfpga_lite/20.1/nios2eds/bin/gnu/h-x86_64-mingw32/bin/../lib/gcc/nios2-elf/10.1.1/../../../../../H-x86_64-mingw32/nios2-elf/lib/mno-hw-mul\libc.a(lib_a-mprec.o)
                0x00000000050911a0                __any_on
 .text          0x0000000005091200        0x0 c:/intelfpga_lite/20.1/nios2eds/bin/gnu/h-x86_64-mingw32/bin/../lib/gcc/nios2-elf/10.1.1/../../../../../H-x86_64-mingw32/nios2-elf/lib/mno-hw-mul\libc.a(lib_a-reallocr.o)
 .text._realloc_r
                0x0000000005091200      0x564 c:/intelfpga_lite/20.1/nios2eds/bin/gnu/h-x86_64-mingw32/bin/../lib/gcc/nios2-elf/10.1.1/../../../../../H-x86_64-mingw32/nios2-elf/lib/mno-hw-mul\libc.a(lib_a-reallocr.o)
                0x0000000005091200                _realloc_r
 .text          0x0000000005091764        0x0 c:/intelfpga_lite/20.1/nios2eds/bin/gnu/h-x86_64-mingw32/bin/../lib/gcc/nios2-elf/10.1.1/../../../../../H-x86_64-mingw32/nios2-elf/lib/mno-hw-mul\libc.a(lib_a-sbrkr.o)
 .text._sbrk_r  0x0000000005091764       0x58 c:/intelfpga_lite/20.1/nios2eds/bin/gnu/h-x86_64-mingw32/bin/../lib/gcc/nios2-elf/10.1.1/../../../../../H-x86_64-mingw32/nios2-elf/lib/mno-hw-mul\libc.a(lib_a-sbrkr.o)
                0x0000000005091764                _sbrk_r
 .text          0x00000000050917bc        0x0 c:/intelfpga_lite/20.1/nios2eds/bin/gnu/h-x86_64-mingw32/bin/../lib/gcc/nios2-elf/10.1.1/../../../../../H-x86_64-mingw32/nios2-elf/lib/mno-hw-mul\libc.a(lib_a-stdio.o)
 .text.__sread  0x00000000050917bc       0x54 c:/intelfpga_lite/20.1/nios2eds/bin/gnu/h-x86_64-mingw32/bin/../lib/gcc/nios2-elf/10.1.1/../../../../../H-x86_64-mingw32/nios2-elf/lib/mno-hw-mul\libc.a(lib_a-stdio.o)
                0x00000000050917bc                __sread
 .text.__seofread
                0x0000000005091810        0x8 c:/intelfpga_lite/20.1/nios2eds/bin/gnu/h-x86_64-mingw32/bin/../lib/gcc/nios2-elf/10.1.1/../../../../../H-x86_64-mingw32/nios2-elf/lib/mno-hw-mul\libc.a(lib_a-stdio.o)
                0x0000000005091810                __seofread
 .text.__swrite
                0x0000000005091818       0x80 c:/intelfpga_lite/20.1/nios2eds/bin/gnu/h-x86_64-mingw32/bin/../lib/gcc/nios2-elf/10.1.1/../../../../../H-x86_64-mingw32/nios2-elf/lib/mno-hw-mul\libc.a(lib_a-stdio.o)
                0x0000000005091818                __swrite
 .text.__sseek  0x0000000005091898       0x5c c:/intelfpga_lite/20.1/nios2eds/bin/gnu/h-x86_64-mingw32/bin/../lib/gcc/nios2-elf/10.1.1/../../../../../H-x86_64-mingw32/nios2-elf/lib/mno-hw-mul\libc.a(lib_a-stdio.o)
                0x0000000005091898                __sseek
 .text.__sclose
                0x00000000050918f4        0x8 c:/intelfpga_lite/20.1/nios2eds/bin/gnu/h-x86_64-mingw32/bin/../lib/gcc/nios2-elf/10.1.1/../../../../../H-x86_64-mingw32/nios2-elf/lib/mno-hw-mul\libc.a(lib_a-stdio.o)
                0x00000000050918f4                __sclose
 .text          0x00000000050918fc        0x0 c:/intelfpga_lite/20.1/nios2eds/bin/gnu/h-x86_64-mingw32/bin/../lib/gcc/nios2-elf/10.1.1/../../../../../H-x86_64-mingw32/nios2-elf/lib/mno-hw-mul\libc.a(lib_a-svfiprintf.o)
 .text.__ssprint_r
                0x00000000050918fc      0x1c4 c:/intelfpga_lite/20.1/nios2eds/bin/gnu/h-x86_64-mingw32/bin/../lib/gcc/nios2-elf/10.1.1/../../../../../H-x86_64-mingw32/nios2-elf/lib/mno-hw-mul\libc.a(lib_a-svfiprintf.o)
                0x00000000050918fc                __ssprint_r
 .text.___svfiprintf_internal_r
                0x0000000005091ac0     0x1100 c:/intelfpga_lite/20.1/nios2eds/bin/gnu/h-x86_64-mingw32/bin/../lib/gcc/nios2-elf/10.1.1/../../../../../H-x86_64-mingw32/nios2-elf/lib/mno-hw-mul\libc.a(lib_a-svfiprintf.o)
                0x0000000005091ac0                ___svfiprintf_internal_r
 .text          0x0000000005092bc0        0x0 c:/intelfpga_lite/20.1/nios2eds/bin/gnu/h-x86_64-mingw32/bin/../lib/gcc/nios2-elf/10.1.1/../../../../../H-x86_64-mingw32/nios2-elf/lib/mno-hw-mul\libc.a(lib_a-vfiprintf.o)
 .text.__sprint_r.part.0
                0x0000000005092bc0       0xf4 c:/intelfpga_lite/20.1/nios2eds/bin/gnu/h-x86_64-mingw32/bin/../lib/gcc/nios2-elf/10.1.1/../../../../../H-x86_64-mingw32/nios2-elf/lib/mno-hw-mul\libc.a(lib_a-vfiprintf.o)
 .text.__sprint_r
                0x0000000005092cb4       0x18 c:/intelfpga_lite/20.1/nios2eds/bin/gnu/h-x86_64-mingw32/bin/../lib/gcc/nios2-elf/10.1.1/../../../../../H-x86_64-mingw32/nios2-elf/lib/mno-hw-mul\libc.a(lib_a-vfiprintf.o)
                0x0000000005092cb4                __sprint_r
 .text.___vfiprintf_internal_r
                0x0000000005092ccc     0x1344 c:/intelfpga_lite/20.1/nios2eds/bin/gnu/h-x86_64-mingw32/bin/../lib/gcc/nios2-elf/10.1.1/../../../../../H-x86_64-mingw32/nios2-elf/lib/mno-hw-mul\libc.a(lib_a-vfiprintf.o)
                0x0000000005092ccc                ___vfiprintf_internal_r
 .text.__vfiprintf_internal
                0x0000000005094010       0x1c c:/intelfpga_lite/20.1/nios2eds/bin/gnu/h-x86_64-mingw32/bin/../lib/gcc/nios2-elf/10.1.1/../../../../../H-x86_64-mingw32/nios2-elf/lib/mno-hw-mul\libc.a(lib_a-vfiprintf.o)
                0x0000000005094010                __vfiprintf_internal
 .text.__sbprintf
                0x000000000509402c       0xc0 c:/intelfpga_lite/20.1/nios2eds/bin/gnu/h-x86_64-mingw32/bin/../lib/gcc/nios2-elf/10.1.1/../../../../../H-x86_64-mingw32/nios2-elf/lib/mno-hw-mul\libc.a(lib_a-vfiprintf.o)
 .text          0x00000000050940ec        0x0 c:/intelfpga_lite/20.1/nios2eds/bin/gnu/h-x86_64-mingw32/bin/../lib/gcc/nios2-elf/10.1.1/../../../../../H-x86_64-mingw32/nios2-elf/lib/mno-hw-mul\libc.a(lib_a-writer.o)
 .text._write_r
                0x00000000050940ec       0x64 c:/intelfpga_lite/20.1/nios2eds/bin/gnu/h-x86_64-mingw32/bin/../lib/gcc/nios2-elf/10.1.1/../../../../../H-x86_64-mingw32/nios2-elf/lib/mno-hw-mul\libc.a(lib_a-writer.o)
                0x00000000050940ec                _write_r
 .text          0x0000000005094150        0x0 c:/intelfpga_lite/20.1/nios2eds/bin/gnu/h-x86_64-mingw32/bin/../lib/gcc/nios2-elf/10.1.1/../../../../../H-x86_64-mingw32/nios2-elf/lib/mno-hw-mul\libc.a(closer.o)
 .text._close_r
                0x0000000005094150       0x58 c:/intelfpga_lite/20.1/nios2eds/bin/gnu/h-x86_64-mingw32/bin/../lib/gcc/nios2-elf/10.1.1/../../../../../H-x86_64-mingw32/nios2-elf/lib/mno-hw-mul\libc.a(closer.o)
                0x0000000005094150                _close_r
 .text          0x00000000050941a8        0x0 c:/intelfpga_lite/20.1/nios2eds/bin/gnu/h-x86_64-mingw32/bin/../lib/gcc/nios2-elf/10.1.1/../../../../../H-x86_64-mingw32/nios2-elf/lib/mno-hw-mul\libc.a(lib_a-assert.o)
 .text.__assert_func
                0x00000000050941a8       0x64 c:/intelfpga_lite/20.1/nios2eds/bin/gnu/h-x86_64-mingw32/bin/../lib/gcc/nios2-elf/10.1.1/../../../../../H-x86_64-mingw32/nios2-elf/lib/mno-hw-mul\libc.a(lib_a-assert.o)
                0x00000000050941a8                __assert_func
 .text.__assert
                0x000000000509420c       0x14 c:/intelfpga_lite/20.1/nios2eds/bin/gnu/h-x86_64-mingw32/bin/../lib/gcc/nios2-elf/10.1.1/../../../../../H-x86_64-mingw32/nios2-elf/lib/mno-hw-mul\libc.a(lib_a-assert.o)
                0x000000000509420c                __assert
 .text          0x0000000005094220        0x0 c:/intelfpga_lite/20.1/nios2eds/bin/gnu/h-x86_64-mingw32/bin/../lib/gcc/nios2-elf/10.1.1/../../../../../H-x86_64-mingw32/nios2-elf/lib/mno-hw-mul\libc.a(lib_a-callocr.o)
 .text._calloc_r
                0x0000000005094220       0xc4 c:/intelfpga_lite/20.1/nios2eds/bin/gnu/h-x86_64-mingw32/bin/../lib/gcc/nios2-elf/10.1.1/../../../../../H-x86_64-mingw32/nios2-elf/lib/mno-hw-mul\libc.a(lib_a-callocr.o)
                0x0000000005094220                _calloc_r
 .text          0x00000000050942e4        0x0 c:/intelfpga_lite/20.1/nios2eds/bin/gnu/h-x86_64-mingw32/bin/../lib/gcc/nios2-elf/10.1.1/../../../../../H-x86_64-mingw32/nios2-elf/lib/mno-hw-mul\libc.a(lib_a-fclose.o)
 .text._fclose_r.part.0
                0x00000000050942e4       0xc0 c:/intelfpga_lite/20.1/nios2eds/bin/gnu/h-x86_64-mingw32/bin/../lib/gcc/nios2-elf/10.1.1/../../../../../H-x86_64-mingw32/nios2-elf/lib/mno-hw-mul\libc.a(lib_a-fclose.o)
 .text._fclose_r
                0x00000000050943a4       0x70 c:/intelfpga_lite/20.1/nios2eds/bin/gnu/h-x86_64-mingw32/bin/../lib/gcc/nios2-elf/10.1.1/../../../../../H-x86_64-mingw32/nios2-elf/lib/mno-hw-mul\libc.a(lib_a-fclose.o)
                0x00000000050943a4                _fclose_r
 .text.fclose   0x0000000005094414       0x70 c:/intelfpga_lite/20.1/nios2eds/bin/gnu/h-x86_64-mingw32/bin/../lib/gcc/nios2-elf/10.1.1/../../../../../H-x86_64-mingw32/nios2-elf/lib/mno-hw-mul\libc.a(lib_a-fclose.o)
                0x0000000005094414                fclose
 .text          0x0000000005094484        0x0 c:/intelfpga_lite/20.1/nios2eds/bin/gnu/h-x86_64-mingw32/bin/../lib/gcc/nios2-elf/10.1.1/../../../../../H-x86_64-mingw32/nios2-elf/lib/mno-hw-mul\libc.a(lib_a-fiprintf.o)
 .text._fiprintf_r
                0x0000000005094484       0x20 c:/intelfpga_lite/20.1/nios2eds/bin/gnu/h-x86_64-mingw32/bin/../lib/gcc/nios2-elf/10.1.1/../../../../../H-x86_64-mingw32/nios2-elf/lib/mno-hw-mul\libc.a(lib_a-fiprintf.o)
                0x0000000005094484                _fiprintf_r
 .text.fiprintf
                0x00000000050944a4       0x38 c:/intelfpga_lite/20.1/nios2eds/bin/gnu/h-x86_64-mingw32/bin/../lib/gcc/nios2-elf/10.1.1/../../../../../H-x86_64-mingw32/nios2-elf/lib/mno-hw-mul\libc.a(lib_a-fiprintf.o)
                0x00000000050944a4                fiprintf
 .text          0x00000000050944dc        0x0 c:/intelfpga_lite/20.1/nios2eds/bin/gnu/h-x86_64-mingw32/bin/../lib/gcc/nios2-elf/10.1.1/../../../../../H-x86_64-mingw32/nios2-elf/lib/mno-hw-mul\libc.a(lib_a-fputwc.o)
 .text.__fputwc
                0x00000000050944dc      0x164 c:/intelfpga_lite/20.1/nios2eds/bin/gnu/h-x86_64-mingw32/bin/../lib/gcc/nios2-elf/10.1.1/../../../../../H-x86_64-mingw32/nios2-elf/lib/mno-hw-mul\libc.a(lib_a-fputwc.o)
                0x00000000050944dc                __fputwc
 .text._fputwc_r
                0x0000000005094640       0x24 c:/intelfpga_lite/20.1/nios2eds/bin/gnu/h-x86_64-mingw32/bin/../lib/gcc/nios2-elf/10.1.1/../../../../../H-x86_64-mingw32/nios2-elf/lib/mno-hw-mul\libc.a(lib_a-fputwc.o)
                0x0000000005094640                _fputwc_r
 .text.fputwc   0x0000000005094664       0x78 c:/intelfpga_lite/20.1/nios2eds/bin/gnu/h-x86_64-mingw32/bin/../lib/gcc/nios2-elf/10.1.1/../../../../../H-x86_64-mingw32/nios2-elf/lib/mno-hw-mul\libc.a(lib_a-fputwc.o)
                0x0000000005094664                fputwc
 .text          0x00000000050946dc        0x0 c:/intelfpga_lite/20.1/nios2eds/bin/gnu/h-x86_64-mingw32/bin/../lib/gcc/nios2-elf/10.1.1/../../../../../H-x86_64-mingw32/nios2-elf/lib/mno-hw-mul\libc.a(lib_a-fstatr.o)
 .text._fstat_r
                0x00000000050946dc       0x60 c:/intelfpga_lite/20.1/nios2eds/bin/gnu/h-x86_64-mingw32/bin/../lib/gcc/nios2-elf/10.1.1/../../../../../H-x86_64-mingw32/nios2-elf/lib/mno-hw-mul\libc.a(lib_a-fstatr.o)
                0x00000000050946dc                _fstat_r
 .text          0x000000000509473c        0x0 c:/intelfpga_lite/20.1/nios2eds/bin/gnu/h-x86_64-mingw32/bin/../lib/gcc/nios2-elf/10.1.1/../../../../../H-x86_64-mingw32/nios2-elf/lib/mno-hw-mul\libc.a(lib_a-int_errno.o)
 .text          0x000000000509473c        0x0 c:/intelfpga_lite/20.1/nios2eds/bin/gnu/h-x86_64-mingw32/bin/../lib/gcc/nios2-elf/10.1.1/../../../../../H-x86_64-mingw32/nios2-elf/lib/mno-hw-mul\libc.a(lib_a-isattyr.o)
 .text._isatty_r
                0x000000000509473c       0x58 c:/intelfpga_lite/20.1/nios2eds/bin/gnu/h-x86_64-mingw32/bin/../lib/gcc/nios2-elf/10.1.1/../../../../../H-x86_64-mingw32/nios2-elf/lib/mno-hw-mul\libc.a(lib_a-isattyr.o)
                0x000000000509473c                _isatty_r
 .text          0x0000000005094794        0x0 c:/intelfpga_lite/20.1/nios2eds/bin/gnu/h-x86_64-mingw32/bin/../lib/gcc/nios2-elf/10.1.1/../../../../../H-x86_64-mingw32/nios2-elf/lib/mno-hw-mul\libc.a(lib_a-locale.o)
 .text._setlocale_r
                0x0000000005094794       0x74 c:/intelfpga_lite/20.1/nios2eds/bin/gnu/h-x86_64-mingw32/bin/../lib/gcc/nios2-elf/10.1.1/../../../../../H-x86_64-mingw32/nios2-elf/lib/mno-hw-mul\libc.a(lib_a-locale.o)
                0x0000000005094794                _setlocale_r
 .text.__locale_mb_cur_max
                0x0000000005094808        0xc c:/intelfpga_lite/20.1/nios2eds/bin/gnu/h-x86_64-mingw32/bin/../lib/gcc/nios2-elf/10.1.1/../../../../../H-x86_64-mingw32/nios2-elf/lib/mno-hw-mul\libc.a(lib_a-locale.o)
                0x0000000005094808                __locale_mb_cur_max
 .text.setlocale
                0x0000000005094814       0x74 c:/intelfpga_lite/20.1/nios2eds/bin/gnu/h-x86_64-mingw32/bin/../lib/gcc/nios2-elf/10.1.1/../../../../../H-x86_64-mingw32/nios2-elf/lib/mno-hw-mul\libc.a(lib_a-locale.o)
                0x0000000005094814                setlocale
 .text          0x0000000005094888        0x0 c:/intelfpga_lite/20.1/nios2eds/bin/gnu/h-x86_64-mingw32/bin/../lib/gcc/nios2-elf/10.1.1/../../../../../H-x86_64-mingw32/nios2-elf/lib/mno-hw-mul\libc.a(lib_a-lseekr.o)
 .text._lseek_r
                0x0000000005094888       0x64 c:/intelfpga_lite/20.1/nios2eds/bin/gnu/h-x86_64-mingw32/bin/../lib/gcc/nios2-elf/10.1.1/../../../../../H-x86_64-mingw32/nios2-elf/lib/mno-hw-mul\libc.a(lib_a-lseekr.o)
                0x0000000005094888                _lseek_r
 .text          0x00000000050948ec        0x0 c:/intelfpga_lite/20.1/nios2eds/bin/gnu/h-x86_64-mingw32/bin/../lib/gcc/nios2-elf/10.1.1/../../../../../H-x86_64-mingw32/nios2-elf/lib/mno-hw-mul\libc.a(lib_a-mbtowc_r.o)
 .text._mbtowc_r
                0x00000000050948ec        0xc c:/intelfpga_lite/20.1/nios2eds/bin/gnu/h-x86_64-mingw32/bin/../lib/gcc/nios2-elf/10.1.1/../../../../../H-x86_64-mingw32/nios2-elf/lib/mno-hw-mul\libc.a(lib_a-mbtowc_r.o)
                0x00000000050948ec                _mbtowc_r
 .text.__ascii_mbtowc
                0x00000000050948f8       0x44 c:/intelfpga_lite/20.1/nios2eds/bin/gnu/h-x86_64-mingw32/bin/../lib/gcc/nios2-elf/10.1.1/../../../../../H-x86_64-mingw32/nios2-elf/lib/mno-hw-mul\libc.a(lib_a-mbtowc_r.o)
                0x00000000050948f8                __ascii_mbtowc
 .text          0x000000000509493c        0x0 c:/intelfpga_lite/20.1/nios2eds/bin/gnu/h-x86_64-mingw32/bin/../lib/gcc/nios2-elf/10.1.1/../../../../../H-x86_64-mingw32/nios2-elf/lib/mno-hw-mul\libc.a(lib_a-readr.o)
 .text._read_r  0x000000000509493c       0x64 c:/intelfpga_lite/20.1/nios2eds/bin/gnu/h-x86_64-mingw32/bin/../lib/gcc/nios2-elf/10.1.1/../../../../../H-x86_64-mingw32/nios2-elf/lib/mno-hw-mul\libc.a(lib_a-readr.o)
                0x000000000509493c                _read_r
 .text          0x00000000050949a0        0x0 c:/intelfpga_lite/20.1/nios2eds/bin/gnu/h-x86_64-mingw32/bin/../lib/gcc/nios2-elf/10.1.1/../../../../../H-x86_64-mingw32/nios2-elf/lib/mno-hw-mul\libc.a(lib_a-strcmp.o)
 .text.strcmp   0x00000000050949a0       0xb8 c:/intelfpga_lite/20.1/nios2eds/bin/gnu/h-x86_64-mingw32/bin/../lib/gcc/nios2-elf/10.1.1/../../../../../H-x86_64-mingw32/nios2-elf/lib/mno-hw-mul\libc.a(lib_a-strcmp.o)
                0x00000000050949a0                strcmp
 .text          0x0000000005094a58        0x0 c:/intelfpga_lite/20.1/nios2eds/bin/gnu/h-x86_64-mingw32/bin/../lib/gcc/nios2-elf/10.1.1/../../../../../H-x86_64-mingw32/nios2-elf/lib/mno-hw-mul\libc.a(lib_a-vfiprintfr_1.o)
 .text._vfiprintf_r
                0x0000000005094a58        0x4 c:/intelfpga_lite/20.1/nios2eds/bin/gnu/h-x86_64-mingw32/bin/../lib/gcc/nios2-elf/10.1.1/../../../../../H-x86_64-mingw32/nios2-elf/lib/mno-hw-mul\libc.a(lib_a-vfiprintfr_1.o)
                0x0000000005094a58                _vfiprintf_r
 .text          0x0000000005094a5c        0x0 c:/intelfpga_lite/20.1/nios2eds/bin/gnu/h-x86_64-mingw32/bin/../lib/gcc/nios2-elf/10.1.1/../../../../../H-x86_64-mingw32/nios2-elf/lib/mno-hw-mul\libc.a(lib_a-wbuf.o)
 .text.__swbuf_r
                0x0000000005094a5c      0x148 c:/intelfpga_lite/20.1/nios2eds/bin/gnu/h-x86_64-mingw32/bin/../lib/gcc/nios2-elf/10.1.1/../../../../../H-x86_64-mingw32/nios2-elf/lib/mno-hw-mul\libc.a(lib_a-wbuf.o)
                0x0000000005094a5c                __swbuf_r
 .text.__swbuf  0x0000000005094ba4       0x18 c:/intelfpga_lite/20.1/nios2eds/bin/gnu/h-x86_64-mingw32/bin/../lib/gcc/nios2-elf/10.1.1/../../../../../H-x86_64-mingw32/nios2-elf/lib/mno-hw-mul\libc.a(lib_a-wbuf.o)
                0x0000000005094ba4                __swbuf
 .text          0x0000000005094bbc        0x0 c:/intelfpga_lite/20.1/nios2eds/bin/gnu/h-x86_64-mingw32/bin/../lib/gcc/nios2-elf/10.1.1/../../../../../H-x86_64-mingw32/nios2-elf/lib/mno-hw-mul\libc.a(lib_a-wcrtomb.o)
 .text._wcrtomb_r
                0x0000000005094bbc       0x6c c:/intelfpga_lite/20.1/nios2eds/bin/gnu/h-x86_64-mingw32/bin/../lib/gcc/nios2-elf/10.1.1/../../../../../H-x86_64-mingw32/nios2-elf/lib/mno-hw-mul\libc.a(lib_a-wcrtomb.o)
                0x0000000005094bbc                _wcrtomb_r
 .text.wcrtomb  0x0000000005094c28       0x88 c:/intelfpga_lite/20.1/nios2eds/bin/gnu/h-x86_64-mingw32/bin/../lib/gcc/nios2-elf/10.1.1/../../../../../H-x86_64-mingw32/nios2-elf/lib/mno-hw-mul\libc.a(lib_a-wcrtomb.o)
                0x0000000005094c28                wcrtomb
 .text          0x0000000005094cb0        0x0 c:/intelfpga_lite/20.1/nios2eds/bin/gnu/h-x86_64-mingw32/bin/../lib/gcc/nios2-elf/10.1.1/../../../../../H-x86_64-mingw32/nios2-elf/lib/mno-hw-mul\libc.a(lib_a-wctomb_r.o)
 .text._wctomb_r
                0x0000000005094cb0        0xc c:/intelfpga_lite/20.1/nios2eds/bin/gnu/h-x86_64-mingw32/bin/../lib/gcc/nios2-elf/10.1.1/../../../../../H-x86_64-mingw32/nios2-elf/lib/mno-hw-mul\libc.a(lib_a-wctomb_r.o)
                0x0000000005094cb0                _wctomb_r
 .text.__ascii_wctomb
                0x0000000005094cbc       0x30 c:/intelfpga_lite/20.1/nios2eds/bin/gnu/h-x86_64-mingw32/bin/../lib/gcc/nios2-elf/10.1.1/../../../../../H-x86_64-mingw32/nios2-elf/lib/mno-hw-mul\libc.a(lib_a-wctomb_r.o)
                0x0000000005094cbc                __ascii_wctomb
 .text          0x0000000005094cec        0x0 c:/intelfpga_lite/20.1/nios2eds/bin/gnu/h-x86_64-mingw32/bin/../lib/gcc/nios2-elf/10.1.1/../../../../../H-x86_64-mingw32/nios2-elf/lib/mno-hw-mul\libc.a(lib_a-abort.o)
 .text.unlikely.abort
                0x0000000005094cec       0x18 c:/intelfpga_lite/20.1/nios2eds/bin/gnu/h-x86_64-mingw32/bin/../lib/gcc/nios2-elf/10.1.1/../../../../../H-x86_64-mingw32/nios2-elf/lib/mno-hw-mul\libc.a(lib_a-abort.o)
                0x0000000005094cec                abort
 .text          0x0000000005094d04        0x0 c:/intelfpga_lite/20.1/nios2eds/bin/gnu/h-x86_64-mingw32/bin/../lib/gcc/nios2-elf/10.1.1/../../../../../H-x86_64-mingw32/nios2-elf/lib/mno-hw-mul\libc.a(lib_a-ctype_.o)
 .text          0x0000000005094d04        0x0 c:/intelfpga_lite/20.1/nios2eds/bin/gnu/h-x86_64-mingw32/bin/../lib/gcc/nios2-elf/10.1.1/../../../../../H-x86_64-mingw32/nios2-elf/lib/mno-hw-mul\libc.a(lib_a-signal.o)
 .text._init_signal_r
                0x0000000005094d04       0x5c c:/intelfpga_lite/20.1/nios2eds/bin/gnu/h-x86_64-mingw32/bin/../lib/gcc/nios2-elf/10.1.1/../../../../../H-x86_64-mingw32/nios2-elf/lib/mno-hw-mul\libc.a(lib_a-signal.o)
                0x0000000005094d04                _init_signal_r
 .text._signal_r
                0x0000000005094d60       0x98 c:/intelfpga_lite/20.1/nios2eds/bin/gnu/h-x86_64-mingw32/bin/../lib/gcc/nios2-elf/10.1.1/../../../../../H-x86_64-mingw32/nios2-elf/lib/mno-hw-mul\libc.a(lib_a-signal.o)
                0x0000000005094d60                _signal_r
 .text._raise_r
                0x0000000005094df8       0xc4 c:/intelfpga_lite/20.1/nios2eds/bin/gnu/h-x86_64-mingw32/bin/../lib/gcc/nios2-elf/10.1.1/../../../../../H-x86_64-mingw32/nios2-elf/lib/mno-hw-mul\libc.a(lib_a-signal.o)
                0x0000000005094df8                _raise_r
 .text.__sigtramp_r
                0x0000000005094ebc       0xbc c:/intelfpga_lite/20.1/nios2eds/bin/gnu/h-x86_64-mingw32/bin/../lib/gcc/nios2-elf/10.1.1/../../../../../H-x86_64-mingw32/nios2-elf/lib/mno-hw-mul\libc.a(lib_a-signal.o)
                0x0000000005094ebc                __sigtramp_r
 .text.raise    0x0000000005094f78       0xbc c:/intelfpga_lite/20.1/nios2eds/bin/gnu/h-x86_64-mingw32/bin/../lib/gcc/nios2-elf/10.1.1/../../../../../H-x86_64-mingw32/nios2-elf/lib/mno-hw-mul\libc.a(lib_a-signal.o)
                0x0000000005094f78                raise
 .text.signal   0x0000000005095034       0xa0 c:/intelfpga_lite/20.1/nios2eds/bin/gnu/h-x86_64-mingw32/bin/../lib/gcc/nios2-elf/10.1.1/../../../../../H-x86_64-mingw32/nios2-elf/lib/mno-hw-mul\libc.a(lib_a-signal.o)
                0x0000000005095034                signal
 .text._init_signal
                0x00000000050950d4       0x60 c:/intelfpga_lite/20.1/nios2eds/bin/gnu/h-x86_64-mingw32/bin/../lib/gcc/nios2-elf/10.1.1/../../../../../H-x86_64-mingw32/nios2-elf/lib/mno-hw-mul\libc.a(lib_a-signal.o)
                0x00000000050950d4                _init_signal
 .text.__sigtramp
                0x0000000005095134       0xbc c:/intelfpga_lite/20.1/nios2eds/bin/gnu/h-x86_64-mingw32/bin/../lib/gcc/nios2-elf/10.1.1/../../../../../H-x86_64-mingw32/nios2-elf/lib/mno-hw-mul\libc.a(lib_a-signal.o)
                0x0000000005095134                __sigtramp
 .text          0x00000000050951f0        0x0 c:/intelfpga_lite/20.1/nios2eds/bin/gnu/h-x86_64-mingw32/bin/../lib/gcc/nios2-elf/10.1.1/../../../../../H-x86_64-mingw32/nios2-elf/lib/mno-hw-mul\libc.a(lib_a-signalr.o)
 .text._kill_r  0x00000000050951f0       0x60 c:/intelfpga_lite/20.1/nios2eds/bin/gnu/h-x86_64-mingw32/bin/../lib/gcc/nios2-elf/10.1.1/../../../../../H-x86_64-mingw32/nios2-elf/lib/mno-hw-mul\libc.a(lib_a-signalr.o)
                0x00000000050951f0                _kill_r
 .text._getpid_r
                0x0000000005095250        0x4 c:/intelfpga_lite/20.1/nios2eds/bin/gnu/h-x86_64-mingw32/bin/../lib/gcc/nios2-elf/10.1.1/../../../../../H-x86_64-mingw32/nios2-elf/lib/mno-hw-mul\libc.a(lib_a-signalr.o)
                0x0000000005095250                _getpid_r
 .text          0x0000000005095254      0x620 c:/intelfpga_lite/20.1/nios2eds/bin/gnu/h-x86_64-mingw32/bin/../lib/gcc/nios2-elf/10.1.1/mno-hw-mul\libgcc.a(_udivdi3.o)
                0x0000000005095254                __udivdi3
 .text          0x0000000005095874      0x5c4 c:/intelfpga_lite/20.1/nios2eds/bin/gnu/h-x86_64-mingw32/bin/../lib/gcc/nios2-elf/10.1.1/mno-hw-mul\libgcc.a(_umoddi3.o)
                0x0000000005095874                __umoddi3
 .text          0x0000000005095e38      0x930 c:/intelfpga_lite/20.1/nios2eds/bin/gnu/h-x86_64-mingw32/bin/../lib/gcc/nios2-elf/10.1.1/mno-hw-mul\libgcc.a(divdf3.o)
                0x0000000005095e38                __divdf3
 .text          0x0000000005096768       0xe8 c:/intelfpga_lite/20.1/nios2eds/bin/gnu/h-x86_64-mingw32/bin/../lib/gcc/nios2-elf/10.1.1/mno-hw-mul\libgcc.a(ledf2.o)
                0x0000000005096768                __ledf2
                0x0000000005096768                __ltdf2
 .text          0x0000000005096850       0x54 c:/intelfpga_lite/20.1/nios2eds/bin/gnu/h-x86_64-mingw32/bin/../lib/gcc/nios2-elf/10.1.1/mno-hw-mul\libgcc.a(unorddf2.o)
                0x0000000005096850                __unorddf2
 .text          0x00000000050968a4       0x90 c:/intelfpga_lite/20.1/nios2eds/bin/gnu/h-x86_64-mingw32/bin/../lib/gcc/nios2-elf/10.1.1/mno-hw-mul\libgcc.a(floatunsidf.o)
                0x00000000050968a4                __floatunsidf
 .text          0x0000000005096934      0x118 c:/repos/fpga_dsp/audio_sdram/software/audio_feed_7_bsp/\libhal_bsp.a(alt_close.o)
                0x0000000005096970                close
 .text          0x0000000005096a4c       0x2c c:/repos/fpga_dsp/audio_sdram/software/audio_feed_7_bsp/\libhal_bsp.a(alt_dev.o)
 .text          0x0000000005096a78        0x0 c:/repos/fpga_dsp/audio_sdram/software/audio_feed_7_bsp/\libhal_bsp.a(alt_errno.o)
 .text          0x0000000005096a78       0x38 c:/repos/fpga_dsp/audio_sdram/software/audio_feed_7_bsp/\libhal_bsp.a(alt_exit.o)
                0x0000000005096a78                _exit
 .text          0x0000000005096ab0       0xf8 c:/repos/fpga_dsp/audio_sdram/software/audio_feed_7_bsp/\libhal_bsp.a(alt_fstat.o)
                0x0000000005096aec                fstat
 .text          0x0000000005096ba8       0x20 c:/repos/fpga_dsp/audio_sdram/software/audio_feed_7_bsp/\libhal_bsp.a(alt_getpid.o)
                0x0000000005096ba8                getpid
 .text          0x0000000005096bc8       0xec c:/repos/fpga_dsp/audio_sdram/software/audio_feed_7_bsp/\libhal_bsp.a(alt_isatty.o)
                0x0000000005096c04                isatty
 .text          0x0000000005096cb4      0x168 c:/repos/fpga_dsp/audio_sdram/software/audio_feed_7_bsp/\libhal_bsp.a(alt_kill.o)
                0x0000000005096cf0                kill
 .text          0x0000000005096e1c       0xec c:/repos/fpga_dsp/audio_sdram/software/audio_feed_7_bsp/\libhal_bsp.a(alt_load.o)
                0x0000000005096e84                alt_load
 .text          0x0000000005096f08      0x11c c:/repos/fpga_dsp/audio_sdram/software/audio_feed_7_bsp/\libhal_bsp.a(alt_lseek.o)
                0x0000000005096f44                lseek
 .text          0x0000000005097024       0x7c c:/repos/fpga_dsp/audio_sdram/software/audio_feed_7_bsp/\libhal_bsp.a(alt_main.o)
                0x0000000005097024                alt_main
 .text          0x00000000050970a0       0x48 c:/repos/fpga_dsp/audio_sdram/software/audio_feed_7_bsp/\libhal_bsp.a(alt_malloc_lock.o)
                0x00000000050970a0                __malloc_lock
                0x00000000050970c4                __malloc_unlock
 .text          0x00000000050970e8      0x144 c:/repos/fpga_dsp/audio_sdram/software/audio_feed_7_bsp/\libhal_bsp.a(alt_read.o)
                0x0000000005097124                read
 .text          0x000000000509722c       0x70 c:/repos/fpga_dsp/audio_sdram/software/audio_feed_7_bsp/\libhal_bsp.a(alt_release_fd.o)
                0x000000000509722c                alt_release_fd
 .text          0x000000000509729c       0xb8 c:/repos/fpga_dsp/audio_sdram/software/audio_feed_7_bsp/\libhal_bsp.a(alt_sbrk.o)
                0x000000000509729c                sbrk
 .text          0x0000000005097354       0x30 c:/repos/fpga_dsp/audio_sdram/software/audio_feed_7_bsp/\libhal_bsp.a(alt_usleep.o)
                0x0000000005097354                usleep
 .text          0x0000000005097384      0x140 c:/repos/fpga_dsp/audio_sdram/software/audio_feed_7_bsp/\libhal_bsp.a(alt_write.o)
                0x00000000050973c0                write
 .text          0x00000000050974c4       0xd4 c:/repos/fpga_dsp/audio_sdram/software/audio_feed_7_bsp/\libhal_bsp.a(alt_sys_init.o)
                0x00000000050974f8                alt_irq_init
                0x0000000005097534                alt_sys_init
 .text          0x0000000005097598      0x164 c:/repos/fpga_dsp/audio_sdram/software/audio_feed_7_bsp/\libhal_bsp.a(altera_avalon_jtag_uart_fd.o)
                0x0000000005097598                altera_avalon_jtag_uart_read_fd
                0x00000000050975f8                altera_avalon_jtag_uart_write_fd
                0x0000000005097658                altera_avalon_jtag_uart_close_fd
                0x00000000050976a8                altera_avalon_jtag_uart_ioctl_fd
 .text          0x00000000050976fc      0x3d4 c:/repos/fpga_dsp/audio_sdram/software/audio_feed_7_bsp/\libhal_bsp.a(altera_avalon_jtag_uart_init.o)
                0x00000000050976fc                altera_avalon_jtag_uart_init
                0x0000000005097a68                altera_avalon_jtag_uart_close
 .text          0x0000000005097ad0       0xf4 c:/repos/fpga_dsp/audio_sdram/software/audio_feed_7_bsp/\libhal_bsp.a(altera_avalon_jtag_uart_ioctl.o)
                0x0000000005097ad0                altera_avalon_jtag_uart_ioctl
 .text          0x0000000005097bc4      0x220 c:/repos/fpga_dsp/audio_sdram/software/audio_feed_7_bsp/\libhal_bsp.a(altera_avalon_jtag_uart_read.o)
                0x0000000005097bc4                altera_avalon_jtag_uart_read
 .text          0x0000000005097de4      0x228 c:/repos/fpga_dsp/audio_sdram/software/audio_feed_7_bsp/\libhal_bsp.a(altera_avalon_jtag_uart_write.o)
                0x0000000005097de4                altera_avalon_jtag_uart_write
 .text          0x000000000509800c      0x100 c:/repos/fpga_dsp/audio_sdram/software/audio_feed_7_bsp/\libhal_bsp.a(altera_avalon_timer_sc.o)
                0x0000000005098088                alt_avalon_timer_sc_init
 .text          0x000000000509810c      0x134 c:/repos/fpga_dsp/audio_sdram/software/audio_feed_7_bsp/\libhal_bsp.a(alt_alarm_start.o)
                0x000000000509810c                alt_alarm_start
 .text          0x0000000005098240      0x158 c:/repos/fpga_dsp/audio_sdram/software/audio_feed_7_bsp/\libhal_bsp.a(alt_busy_sleep.o)
                0x0000000005098240                alt_busy_sleep
 .text          0x0000000005098398       0x20 c:/repos/fpga_dsp/audio_sdram/software/audio_feed_7_bsp/\libhal_bsp.a(alt_dcache_flush_all.o)
                0x0000000005098398                alt_dcache_flush_all
 .text          0x00000000050983b8       0xe4 c:/repos/fpga_dsp/audio_sdram/software/audio_feed_7_bsp/\libhal_bsp.a(alt_dev_llist_insert.o)
                0x00000000050983f4                alt_dev_llist_insert
 .text          0x000000000509849c       0x64 c:/repos/fpga_dsp/audio_sdram/software/audio_feed_7_bsp/\libhal_bsp.a(alt_do_ctors.o)
                0x000000000509849c                _do_ctors
 .text          0x0000000005098500       0x64 c:/repos/fpga_dsp/audio_sdram/software/audio_feed_7_bsp/\libhal_bsp.a(alt_do_dtors.o)
                0x0000000005098500                _do_dtors
 .text          0x0000000005098564       0x20 c:/repos/fpga_dsp/audio_sdram/software/audio_feed_7_bsp/\libhal_bsp.a(alt_icache_flush_all.o)
                0x0000000005098564                alt_icache_flush_all
 .text          0x0000000005098584      0x1b0 c:/repos/fpga_dsp/audio_sdram/software/audio_feed_7_bsp/\libhal_bsp.a(alt_iic.o)
                0x0000000005098584                alt_ic_isr_register
                0x00000000050985d4                alt_ic_irq_enable
                0x000000000509865c                alt_ic_irq_disable
                0x00000000050986e8                alt_ic_irq_enabled
 .text          0x0000000005098734       0xe8 c:/repos/fpga_dsp/audio_sdram/software/audio_feed_7_bsp/\libhal_bsp.a(alt_iic_isr_register.o)
                0x0000000005098734                alt_iic_isr_register
 .text          0x000000000509881c      0x150 c:/repos/fpga_dsp/audio_sdram/software/audio_feed_7_bsp/\libhal_bsp.a(alt_io_redirect.o)
                0x00000000050988f0                alt_io_redirect
 .text          0x000000000509896c        0x0 c:/repos/fpga_dsp/audio_sdram/software/audio_feed_7_bsp/\libhal_bsp.a(alt_irq_entry.o)
 .text          0x000000000509896c        0x0 c:/repos/fpga_dsp/audio_sdram/software/audio_feed_7_bsp/\libhal_bsp.a(alt_irq_handler.o)
 .text          0x000000000509896c        0x0 c:/repos/fpga_dsp/audio_sdram/software/audio_feed_7_bsp/\libhal_bsp.a(alt_irq_vars.o)
 .text          0x000000000509896c      0x278 c:/repos/fpga_dsp/audio_sdram/software/audio_feed_7_bsp/\libhal_bsp.a(alt_open.o)
                0x0000000005098a84                open
 .text          0x0000000005098be4      0x1ac c:/repos/fpga_dsp/audio_sdram/software/audio_feed_7_bsp/\libhal_bsp.a(alt_tick.o)
                0x0000000005098be4                alt_alarm_stop
                0x0000000005098c88                alt_tick
 .text          0x0000000005098d90       0x24 c:/repos/fpga_dsp/audio_sdram/software/audio_feed_7_bsp/\libhal_bsp.a(altera_nios2_gen2_irq.o)
                0x0000000005098d90                altera_nios2_gen2_irq_init
 .text          0x0000000005098db4        0x0 c:/repos/fpga_dsp/audio_sdram/software/audio_feed_7_bsp/\libhal_bsp.a(alt_exception_entry.o)
 .text          0x0000000005098db4       0x90 c:/repos/fpga_dsp/audio_sdram/software/audio_feed_7_bsp/\libhal_bsp.a(alt_find_dev.o)
                0x0000000005098db4                alt_find_dev
 .text          0x0000000005098e44      0x108 c:/repos/fpga_dsp/audio_sdram/software/audio_feed_7_bsp/\libhal_bsp.a(alt_find_file.o)
                0x0000000005098e44                alt_find_file
 .text          0x0000000005098f4c       0xb8 c:/repos/fpga_dsp/audio_sdram/software/audio_feed_7_bsp/\libhal_bsp.a(alt_get_fd.o)
                0x0000000005098f4c                alt_get_fd
 .text          0x0000000005099004       0x98 c:/repos/fpga_dsp/audio_sdram/software/audio_feed_7_bsp/\libhal_bsp.a(alt_instruction_exception_entry.o)
                0x0000000005099004                alt_exception_cause_generated_bad_addr
 .text          0x000000000509909c        0x0 c:/intelfpga_lite/20.1/nios2eds/bin/gnu/h-x86_64-mingw32/bin/../lib/gcc/nios2-elf/10.1.1/../../../../../H-x86_64-mingw32/nios2-elf/lib/mno-hw-mul\libc.a(lib_a-atexit.o)
 .text.atexit   0x000000000509909c       0x14 c:/intelfpga_lite/20.1/nios2eds/bin/gnu/h-x86_64-mingw32/bin/../lib/gcc/nios2-elf/10.1.1/../../../../../H-x86_64-mingw32/nios2-elf/lib/mno-hw-mul\libc.a(lib_a-atexit.o)
                0x000000000509909c                atexit
 .text          0x00000000050990b0        0x0 c:/intelfpga_lite/20.1/nios2eds/bin/gnu/h-x86_64-mingw32/bin/../lib/gcc/nios2-elf/10.1.1/../../../../../H-x86_64-mingw32/nios2-elf/lib/mno-hw-mul\libc.a(lib_a-exit.o)
 .text.exit     0x00000000050990b0       0x34 c:/intelfpga_lite/20.1/nios2eds/bin/gnu/h-x86_64-mingw32/bin/../lib/gcc/nios2-elf/10.1.1/../../../../../H-x86_64-mingw32/nios2-elf/lib/mno-hw-mul\libc.a(lib_a-exit.o)
                0x00000000050990b0                exit
 .text          0x00000000050990e4        0x0 c:/intelfpga_lite/20.1/nios2eds/bin/gnu/h-x86_64-mingw32/bin/../lib/gcc/nios2-elf/10.1.1/../../../../../H-x86_64-mingw32/nios2-elf/lib/mno-hw-mul\libc.a(lib_a-memcmp.o)
 .text.memcmp   0x00000000050990e4       0x78 c:/intelfpga_lite/20.1/nios2eds/bin/gnu/h-x86_64-mingw32/bin/../lib/gcc/nios2-elf/10.1.1/../../../../../H-x86_64-mingw32/nios2-elf/lib/mno-hw-mul\libc.a(lib_a-memcmp.o)
                0x00000000050990e4                memcmp
 .text          0x000000000509915c        0x0 c:/intelfpga_lite/20.1/nios2eds/bin/gnu/h-x86_64-mingw32/bin/../lib/gcc/nios2-elf/10.1.1/../../../../../H-x86_64-mingw32/nios2-elf/lib/mno-hw-mul\libc.a(lib_a-__atexit.o)
 .text.__register_exitproc
                0x000000000509915c       0x90 c:/intelfpga_lite/20.1/nios2eds/bin/gnu/h-x86_64-mingw32/bin/../lib/gcc/nios2-elf/10.1.1/../../../../../H-x86_64-mingw32/nios2-elf/lib/mno-hw-mul\libc.a(lib_a-__atexit.o)
                0x000000000509915c                __register_exitproc
 .text          0x00000000050991ec        0x0 c:/intelfpga_lite/20.1/nios2eds/bin/gnu/h-x86_64-mingw32/bin/../lib/gcc/nios2-elf/10.1.1/../../../../../H-x86_64-mingw32/nios2-elf/lib/mno-hw-mul\libc.a(lib_a-__call_atexit.o)
 .text.__call_exitprocs
                0x00000000050991ec      0x120 c:/intelfpga_lite/20.1/nios2eds/bin/gnu/h-x86_64-mingw32/bin/../lib/gcc/nios2-elf/10.1.1/../../../../../H-x86_64-mingw32/nios2-elf/lib/mno-hw-mul\libc.a(lib_a-__call_atexit.o)
                0x00000000050991ec                __call_exitprocs
 *(.gnu.warning.*)
 *(.fini)
                [!provide]                        PROVIDE (__etext = ABSOLUTE (.))
                [!provide]                        PROVIDE (_etext = ABSOLUTE (.))
                [!provide]                        PROVIDE (etext = ABSOLUTE (.))
 *(.eh_frame_hdr)
                0x000000000509930c                . = ALIGN (0x4)
                [!provide]                        PROVIDE (__preinit_array_start = ABSOLUTE (.))
 *(.preinit_array)
                [!provide]                        PROVIDE (__preinit_array_end = ABSOLUTE (.))
                [!provide]                        PROVIDE (__init_array_start = ABSOLUTE (.))
 *(.init_array)
                [!provide]                        PROVIDE (__init_array_end = ABSOLUTE (.))
                [!provide]                        PROVIDE (__fini_array_start = ABSOLUTE (.))
 *(.fini_array)
                [!provide]                        PROVIDE (__fini_array_end = ABSOLUTE (.))
 *(.eh_frame)
 *(.gcc_except_table .gcc_except_table.*)
 *(.dynamic)
                0x000000000509930c                PROVIDE (__CTOR_LIST__ = ABSOLUTE (.))
 *(.ctors)
 *(SORT_BY_NAME(.ctors.*))
                0x000000000509930c                PROVIDE (__CTOR_END__ = ABSOLUTE (.))
                0x000000000509930c                PROVIDE (__DTOR_LIST__ = ABSOLUTE (.))
 *(.dtors)
 *(SORT_BY_NAME(.dtors.*))
                0x000000000509930c                PROVIDE (__DTOR_END__ = ABSOLUTE (.))
 *(.jcr)
                0x000000000509930c                . = ALIGN (0x4)

.rodata         0x0000000000000000     0x12b8 load address 0x000000000509930c
                0x0000000000000000                PROVIDE (__ram_rodata_start = ABSOLUTE (.))
                0x0000000000000000                . = ALIGN (0x4)
 *(.rodata .rodata.* .gnu.linkonce.r.*)
 .rodata        0x0000000000000000       0xd1 obj/default/AUDIO.o
 *fill*         0x00000000000000d1        0x3 
 .rodata        0x00000000000000d4       0x86 obj/default/I2C.o
 *fill*         0x000000000000015a        0x2 
 .rodata        0x000000000000015c        0xf obj/default/debug.o
 *fill*         0x000000000000016b        0x1 
 .rodata        0x000000000000016c      0x8a0 obj/default/main.o
                0x0000000000000188                szMenu
 .rodata        0x0000000000000a0c       0x42 obj/default/overdrive.o
 *fill*         0x0000000000000a4e        0x2 
 .rodata.npio2_hw
                0x0000000000000a50       0x80 c:/intelfpga_lite/20.1/nios2eds/bin/gnu/h-x86_64-mingw32/bin/../lib/gcc/nios2-elf/10.1.1/../../../../../H-x86_64-mingw32/nios2-elf/lib/mno-hw-mul\libm.a(lib_a-e_rem_pio2.o)
 .rodata.two_over_pi
                0x0000000000000ad0      0x108 c:/intelfpga_lite/20.1/nios2eds/bin/gnu/h-x86_64-mingw32/bin/../lib/gcc/nios2-elf/10.1.1/../../../../../H-x86_64-mingw32/nios2-elf/lib/mno-hw-mul\libm.a(lib_a-e_rem_pio2.o)
 .rodata.PIo2   0x0000000000000bd8       0x40 c:/intelfpga_lite/20.1/nios2eds/bin/gnu/h-x86_64-mingw32/bin/../lib/gcc/nios2-elf/10.1.1/../../../../../H-x86_64-mingw32/nios2-elf/lib/mno-hw-mul\libm.a(lib_a-k_rem_pio2.o)
 .rodata.init_jk
                0x0000000000000c18       0x10 c:/intelfpga_lite/20.1/nios2eds/bin/gnu/h-x86_64-mingw32/bin/../lib/gcc/nios2-elf/10.1.1/../../../../../H-x86_64-mingw32/nios2-elf/lib/mno-hw-mul\libm.a(lib_a-k_rem_pio2.o)
 .rodata        0x0000000000000c28      0x100 c:/intelfpga_lite/20.1/nios2eds/bin/gnu/h-x86_64-mingw32/bin/../lib/gcc/nios2-elf/10.1.1/mno-hw-mul\libgcc.a(_clz.o)
                0x0000000000000c28                __clz_tab
 .rodata._puts_r.str1.4
                0x0000000000000d28        0x2 c:/intelfpga_lite/20.1/nios2eds/bin/gnu/h-x86_64-mingw32/bin/../lib/gcc/nios2-elf/10.1.1/../../../../../H-x86_64-mingw32/nios2-elf/lib/mno-hw-mul\libc.a(lib_a-puts.o)
 *fill*         0x0000000000000d2a        0x2 
 .rodata.___svfprintf_internal_r.str1.4
                0x0000000000000d2c       0x42 c:/intelfpga_lite/20.1/nios2eds/bin/gnu/h-x86_64-mingw32/bin/../lib/gcc/nios2-elf/10.1.1/../../../../../H-x86_64-mingw32/nios2-elf/lib/mno-hw-mul\libc.a(lib_a-svfprintf.o)
 *fill*         0x0000000000000d6e        0x2 
 .rodata.zeroes.0
                0x0000000000000d70       0x10 c:/intelfpga_lite/20.1/nios2eds/bin/gnu/h-x86_64-mingw32/bin/../lib/gcc/nios2-elf/10.1.1/../../../../../H-x86_64-mingw32/nios2-elf/lib/mno-hw-mul\libc.a(lib_a-svfprintf.o)
 .rodata.blanks.1
                0x0000000000000d80       0x10 c:/intelfpga_lite/20.1/nios2eds/bin/gnu/h-x86_64-mingw32/bin/../lib/gcc/nios2-elf/10.1.1/../../../../../H-x86_64-mingw32/nios2-elf/lib/mno-hw-mul\libc.a(lib_a-svfprintf.o)
 .rodata.___vfprintf_internal_r.str1.4
                0x0000000000000d90       0x42 c:/intelfpga_lite/20.1/nios2eds/bin/gnu/h-x86_64-mingw32/bin/../lib/gcc/nios2-elf/10.1.1/../../../../../H-x86_64-mingw32/nios2-elf/lib/mno-hw-mul\libc.a(lib_a-vfprintf.o)
 .rodata.zeroes.0
                0x0000000000000d90       0x10 c:/intelfpga_lite/20.1/nios2eds/bin/gnu/h-x86_64-mingw32/bin/../lib/gcc/nios2-elf/10.1.1/../../../../../H-x86_64-mingw32/nios2-elf/lib/mno-hw-mul\libc.a(lib_a-vfprintf.o)
 .rodata.blanks.1
                0x0000000000000da0       0x10 c:/intelfpga_lite/20.1/nios2eds/bin/gnu/h-x86_64-mingw32/bin/../lib/gcc/nios2-elf/10.1.1/../../../../../H-x86_64-mingw32/nios2-elf/lib/mno-hw-mul\libc.a(lib_a-vfprintf.o)
 .rodata._dtoa_r.str1.4
                0x0000000000000db0       0x61 c:/intelfpga_lite/20.1/nios2eds/bin/gnu/h-x86_64-mingw32/bin/../lib/gcc/nios2-elf/10.1.1/../../../../../H-x86_64-mingw32/nios2-elf/lib/mno-hw-mul\libc.a(lib_a-dtoa.o)
                                         0x65 (size before relaxing)
 *fill*         0x0000000000000e11        0x3 
 .rodata.__multadd.str1.4
                0x0000000000000e14       0x3e c:/intelfpga_lite/20.1/nios2eds/bin/gnu/h-x86_64-mingw32/bin/../lib/gcc/nios2-elf/10.1.1/../../../../../H-x86_64-mingw32/nios2-elf/lib/mno-hw-mul\libc.a(lib_a-mprec.o)
                                         0x52 (size before relaxing)
 *fill*         0x0000000000000e52        0x2 
 .rodata.p05.0  0x0000000000000e54        0xc c:/intelfpga_lite/20.1/nios2eds/bin/gnu/h-x86_64-mingw32/bin/../lib/gcc/nios2-elf/10.1.1/../../../../../H-x86_64-mingw32/nios2-elf/lib/mno-hw-mul\libc.a(lib_a-mprec.o)
 .rodata.__mprec_tinytens
                0x0000000000000e60       0x28 c:/intelfpga_lite/20.1/nios2eds/bin/gnu/h-x86_64-mingw32/bin/../lib/gcc/nios2-elf/10.1.1/../../../../../H-x86_64-mingw32/nios2-elf/lib/mno-hw-mul\libc.a(lib_a-mprec.o)
                0x0000000000000e60                __mprec_tinytens
 .rodata.__mprec_bigtens
                0x0000000000000e88       0x28 c:/intelfpga_lite/20.1/nios2eds/bin/gnu/h-x86_64-mingw32/bin/../lib/gcc/nios2-elf/10.1.1/../../../../../H-x86_64-mingw32/nios2-elf/lib/mno-hw-mul\libc.a(lib_a-mprec.o)
                0x0000000000000e88                __mprec_bigtens
 .rodata.__mprec_tens
                0x0000000000000eb0       0xc8 c:/intelfpga_lite/20.1/nios2eds/bin/gnu/h-x86_64-mingw32/bin/../lib/gcc/nios2-elf/10.1.1/../../../../../H-x86_64-mingw32/nios2-elf/lib/mno-hw-mul\libc.a(lib_a-mprec.o)
                0x0000000000000eb0                __mprec_tens
 .rodata.___svfiprintf_internal_r.str1.4
                0x0000000000000f78       0x2f c:/intelfpga_lite/20.1/nios2eds/bin/gnu/h-x86_64-mingw32/bin/../lib/gcc/nios2-elf/10.1.1/../../../../../H-x86_64-mingw32/nios2-elf/lib/mno-hw-mul\libc.a(lib_a-svfiprintf.o)
 .rodata.zeroes.0
                0x0000000000000f78       0x10 c:/intelfpga_lite/20.1/nios2eds/bin/gnu/h-x86_64-mingw32/bin/../lib/gcc/nios2-elf/10.1.1/../../../../../H-x86_64-mingw32/nios2-elf/lib/mno-hw-mul\libc.a(lib_a-svfiprintf.o)
 .rodata.blanks.1
                0x0000000000000f88       0x10 c:/intelfpga_lite/20.1/nios2eds/bin/gnu/h-x86_64-mingw32/bin/../lib/gcc/nios2-elf/10.1.1/../../../../../H-x86_64-mingw32/nios2-elf/lib/mno-hw-mul\libc.a(lib_a-svfiprintf.o)
 .rodata.___vfiprintf_internal_r.str1.4
                0x0000000000000f98       0x2f c:/intelfpga_lite/20.1/nios2eds/bin/gnu/h-x86_64-mingw32/bin/../lib/gcc/nios2-elf/10.1.1/../../../../../H-x86_64-mingw32/nios2-elf/lib/mno-hw-mul\libc.a(lib_a-vfiprintf.o)
 .rodata.zeroes.0
                0x0000000000000f98       0x10 c:/intelfpga_lite/20.1/nios2eds/bin/gnu/h-x86_64-mingw32/bin/../lib/gcc/nios2-elf/10.1.1/../../../../../H-x86_64-mingw32/nios2-elf/lib/mno-hw-mul\libc.a(lib_a-vfiprintf.o)
 .rodata.blanks.1
                0x0000000000000fa8       0x10 c:/intelfpga_lite/20.1/nios2eds/bin/gnu/h-x86_64-mingw32/bin/../lib/gcc/nios2-elf/10.1.1/../../../../../H-x86_64-mingw32/nios2-elf/lib/mno-hw-mul\libc.a(lib_a-vfiprintf.o)
 .rodata.__assert_func.str1.4
                0x0000000000000fb8       0x3f c:/intelfpga_lite/20.1/nios2eds/bin/gnu/h-x86_64-mingw32/bin/../lib/gcc/nios2-elf/10.1.1/../../../../../H-x86_64-mingw32/nios2-elf/lib/mno-hw-mul\libc.a(lib_a-assert.o)
                                         0x43 (size before relaxing)
 *fill*         0x0000000000000ff7        0x1 
 .rodata._setlocale_r.str1.4
                0x0000000000000ff8        0xa c:/intelfpga_lite/20.1/nios2eds/bin/gnu/h-x86_64-mingw32/bin/../lib/gcc/nios2-elf/10.1.1/../../../../../H-x86_64-mingw32/nios2-elf/lib/mno-hw-mul\libc.a(lib_a-locale.o)
 *fill*         0x0000000000001002        0x2 
 .rodata.str1.4
                0x0000000000001004        0x2 c:/intelfpga_lite/20.1/nios2eds/bin/gnu/h-x86_64-mingw32/bin/../lib/gcc/nios2-elf/10.1.1/../../../../../H-x86_64-mingw32/nios2-elf/lib/mno-hw-mul\libc.a(lib_a-locale.o)
                                          0x5 (size before relaxing)
 *fill*         0x0000000000001006        0x2 
 .rodata._ctype_
                0x0000000000001008      0x101 c:/intelfpga_lite/20.1/nios2eds/bin/gnu/h-x86_64-mingw32/bin/../lib/gcc/nios2-elf/10.1.1/../../../../../H-x86_64-mingw32/nios2-elf/lib/mno-hw-mul\libc.a(lib_a-ctype_.o)
                0x0000000000001008                _ctype_
 *fill*         0x0000000000001109        0x3 
 .rodata._ctype_b
                0x000000000000110c      0x180 c:/intelfpga_lite/20.1/nios2eds/bin/gnu/h-x86_64-mingw32/bin/../lib/gcc/nios2-elf/10.1.1/../../../../../H-x86_64-mingw32/nios2-elf/lib/mno-hw-mul\libc.a(lib_a-ctype_.o)
                0x000000000000110c                _ctype_b
 .rodata        0x000000000000128c        0xa c:/repos/fpga_dsp/audio_sdram/software/audio_feed_7_bsp/\libhal_bsp.a(alt_dev.o)
 *fill*         0x0000000000001296        0x2 
 .rodata        0x0000000000001298        0xf c:/repos/fpga_dsp/audio_sdram/software/audio_feed_7_bsp/\libhal_bsp.a(alt_main.o)
 *fill*         0x00000000000012a7        0x1 
 .rodata        0x00000000000012a8        0xf c:/repos/fpga_dsp/audio_sdram/software/audio_feed_7_bsp/\libhal_bsp.a(alt_sys_init.o)
 *(.rodata1)
                0x00000000000012b8                . = ALIGN (0x4)
 *fill*         0x00000000000012b7        0x1 
                0x00000000000012b8                PROVIDE (__ram_rodata_end = ABSOLUTE (.))
                0x000000000509930c                PROVIDE (__flash_rodata_start = LOADADDR (.rodata))

.rwdata         0x00000000000012b8     0x1bec load address 0x000000000509a5c4
                0x00000000000012b8                PROVIDE (__ram_rwdata_start = ABSOLUTE (.))
                0x00000000000012b8                . = ALIGN (0x4)
 *(.got.plt)
 *(.got)
 *(.data1)
 *(.data .data.* .gnu.linkonce.d.*)
 .data          0x00000000000012b8        0x0 c:/repos/fpga_dsp/audio_sdram/software/audio_feed_7_bsp//obj/HAL/src/crt0.o
 .data          0x00000000000012b8        0x0 obj/default/AUDIO.o
 .data          0x00000000000012b8        0x0 obj/default/I2C.o
 .data          0x00000000000012b8        0x0 obj/default/LED.o
 .data          0x00000000000012b8       0x10 obj/default/SEG7.o
 .data          0x00000000000012c8        0x0 obj/default/debug.o
 .data          0x00000000000012c8        0x0 obj/default/main.o
 .data          0x00000000000012c8        0x0 obj/default/overdrive.o
 .data          0x00000000000012c8        0x0 c:/intelfpga_lite/20.1/nios2eds/bin/gnu/h-x86_64-mingw32/bin/../lib/gcc/nios2-elf/10.1.1/../../../../../H-x86_64-mingw32/nios2-elf/lib/mno-hw-mul\libm.a(lib_a-s_sin.o)
 .data          0x00000000000012c8        0x0 c:/intelfpga_lite/20.1/nios2eds/bin/gnu/h-x86_64-mingw32/bin/../lib/gcc/nios2-elf/10.1.1/../../../../../H-x86_64-mingw32/nios2-elf/lib/mno-hw-mul\libm.a(lib_a-e_rem_pio2.o)
 .data          0x00000000000012c8        0x0 c:/intelfpga_lite/20.1/nios2eds/bin/gnu/h-x86_64-mingw32/bin/../lib/gcc/nios2-elf/10.1.1/../../../../../H-x86_64-mingw32/nios2-elf/lib/mno-hw-mul\libm.a(lib_a-k_cos.o)
 .data          0x00000000000012c8        0x0 c:/intelfpga_lite/20.1/nios2eds/bin/gnu/h-x86_64-mingw32/bin/../lib/gcc/nios2-elf/10.1.1/../../../../../H-x86_64-mingw32/nios2-elf/lib/mno-hw-mul\libm.a(lib_a-k_rem_pio2.o)
 .data          0x00000000000012c8        0x0 c:/intelfpga_lite/20.1/nios2eds/bin/gnu/h-x86_64-mingw32/bin/../lib/gcc/nios2-elf/10.1.1/../../../../../H-x86_64-mingw32/nios2-elf/lib/mno-hw-mul\libm.a(lib_a-k_sin.o)
 .data          0x00000000000012c8        0x0 c:/intelfpga_lite/20.1/nios2eds/bin/gnu/h-x86_64-mingw32/bin/../lib/gcc/nios2-elf/10.1.1/../../../../../H-x86_64-mingw32/nios2-elf/lib/mno-hw-mul\libm.a(lib_a-s_floor.o)
 .data          0x00000000000012c8        0x0 c:/intelfpga_lite/20.1/nios2eds/bin/gnu/h-x86_64-mingw32/bin/../lib/gcc/nios2-elf/10.1.1/../../../../../H-x86_64-mingw32/nios2-elf/lib/mno-hw-mul\libm.a(lib_a-s_scalbn.o)
 .data          0x00000000000012c8        0x0 c:/intelfpga_lite/20.1/nios2eds/bin/gnu/h-x86_64-mingw32/bin/../lib/gcc/nios2-elf/10.1.1/mno-hw-mul\libgcc.a(_muldi3.o)
 .data          0x00000000000012c8        0x0 c:/intelfpga_lite/20.1/nios2eds/bin/gnu/h-x86_64-mingw32/bin/../lib/gcc/nios2-elf/10.1.1/mno-hw-mul\libgcc.a(lib2-divmod.o)
 .data          0x00000000000012c8        0x0 c:/intelfpga_lite/20.1/nios2eds/bin/gnu/h-x86_64-mingw32/bin/../lib/gcc/nios2-elf/10.1.1/mno-hw-mul\libgcc.a(lib2-mul.o)
 .data          0x00000000000012c8        0x0 c:/intelfpga_lite/20.1/nios2eds/bin/gnu/h-x86_64-mingw32/bin/../lib/gcc/nios2-elf/10.1.1/mno-hw-mul\libgcc.a(addsf3.o)
 .data          0x00000000000012c8        0x0 c:/intelfpga_lite/20.1/nios2eds/bin/gnu/h-x86_64-mingw32/bin/../lib/gcc/nios2-elf/10.1.1/mno-hw-mul\libgcc.a(gesf2.o)
 .data          0x00000000000012c8        0x0 c:/intelfpga_lite/20.1/nios2eds/bin/gnu/h-x86_64-mingw32/bin/../lib/gcc/nios2-elf/10.1.1/mno-hw-mul\libgcc.a(lesf2.o)
 .data          0x00000000000012c8        0x0 c:/intelfpga_lite/20.1/nios2eds/bin/gnu/h-x86_64-mingw32/bin/../lib/gcc/nios2-elf/10.1.1/mno-hw-mul\libgcc.a(mulsf3.o)
 .data          0x00000000000012c8        0x0 c:/intelfpga_lite/20.1/nios2eds/bin/gnu/h-x86_64-mingw32/bin/../lib/gcc/nios2-elf/10.1.1/mno-hw-mul\libgcc.a(subsf3.o)
 .data          0x00000000000012c8        0x0 c:/intelfpga_lite/20.1/nios2eds/bin/gnu/h-x86_64-mingw32/bin/../lib/gcc/nios2-elf/10.1.1/mno-hw-mul\libgcc.a(fixsfsi.o)
 .data          0x00000000000012c8        0x0 c:/intelfpga_lite/20.1/nios2eds/bin/gnu/h-x86_64-mingw32/bin/../lib/gcc/nios2-elf/10.1.1/mno-hw-mul\libgcc.a(adddf3.o)
 .data          0x00000000000012c8        0x0 c:/intelfpga_lite/20.1/nios2eds/bin/gnu/h-x86_64-mingw32/bin/../lib/gcc/nios2-elf/10.1.1/mno-hw-mul\libgcc.a(eqdf2.o)
 .data          0x00000000000012c8        0x0 c:/intelfpga_lite/20.1/nios2eds/bin/gnu/h-x86_64-mingw32/bin/../lib/gcc/nios2-elf/10.1.1/mno-hw-mul\libgcc.a(gedf2.o)
 .data          0x00000000000012c8        0x0 c:/intelfpga_lite/20.1/nios2eds/bin/gnu/h-x86_64-mingw32/bin/../lib/gcc/nios2-elf/10.1.1/mno-hw-mul\libgcc.a(muldf3.o)
 .data          0x00000000000012c8        0x0 c:/intelfpga_lite/20.1/nios2eds/bin/gnu/h-x86_64-mingw32/bin/../lib/gcc/nios2-elf/10.1.1/mno-hw-mul\libgcc.a(subdf3.o)