Info: Starting: Create simulation model
Info: qsys-generate C:\repos\fpga_dsp\delaytesting\cordic.qsys --simulation=VERILOG --allow-mixed-language-simulation --output-directory=C:\repos\fpga_dsp\delaytesting\cordic\simulation --family="Cyclone V" --part=5CSEMA5F31C6
Progress: Loading delaytesting/cordic.qsys
Progress: Reading input file
Progress: Adding CORDIC_0 [altera_CORDIC 20.1]
Progress: Parameterizing module CORDIC_0
Progress: Building connections
Progress: Parameterizing connections
Progress: Validating
Progress: Done reading input file
Info: cordic: Generating cordic "cordic" for SIM_VERILOG
Info: CORDIC_0: C:/intelfpga_lite/20.1/quartus/dspba/backend/windows64/cmdPolyEval -target CycloneV -frequency 200 -name cordic_CORDIC_0 -noChanValid -faithfulRounding -printMachineReadable -lang VHDL -speedgrade 6 FXPSinCosCordic 16 13 1 13
Info: CORDIC_0: Latency on Cyclone V is 18 cycles
Info: CORDIC_0: DSP Blocks Used: 0
Info: CORDIC_0: LUTs Used: 2144
Info: CORDIC_0: Memory Bits Used: 0
Info: CORDIC_0: Memory Blocks Used: 0
Info: CORDIC_0: "cordic" instantiated altera_CORDIC "CORDIC_0"
Info: cordic: Done "cordic" with 2 modules, 4 files
Info: qsys-generate succeeded.
Info: Finished: Create simulation model
Info: Starting: Create Modelsim Project.
Info: sim-script-gen --spd=C:\repos\fpga_dsp\delaytesting\cordic\cordic.spd --output-directory=C:/repos/fpga_dsp/delaytesting/cordic/simulation/ --use-relative-paths=true
Info: Doing: ip-make-simscript --spd=C:\repos\fpga_dsp\delaytesting\cordic\cordic.spd --output-directory=C:/repos/fpga_dsp/delaytesting/cordic/simulation/ --use-relative-paths=true
Info: Generating the following file(s) for MODELSIM simulator in C:/repos/fpga_dsp/delaytesting/cordic/simulation/ directory:
Info: 	mentor/msim_setup.tcl
Info: Skipping VCS script generation since VHDL file $QUARTUS_INSTALL_DIR/eda/sim_lib/altera_syn_attributes.vhd is required for simulation
Info: Generating the following file(s) for VCSMX simulator in C:/repos/fpga_dsp/delaytesting/cordic/simulation/ directory:
Info: 	synopsys/vcsmx/synopsys_sim.setup
Info: 	synopsys/vcsmx/vcsmx_setup.sh
Info: Generating the following file(s) for NCSIM simulator in C:/repos/fpga_dsp/delaytesting/cordic/simulation/ directory:
Info: 	cadence/cds.lib
Info: 	cadence/hdl.var
Info: 	cadence/ncsim_setup.sh
Info: 	1 .cds.lib files in cadence/cds_libs/ directory
Info: Generating the following file(s) for RIVIERA simulator in C:/repos/fpga_dsp/delaytesting/cordic/simulation/ directory:
Info: 	aldec/rivierapro_setup.tcl
Info: For information on how to simulate your IP, see the explanatory comments in the simulator-specific subdirectories under C:/repos/fpga_dsp/delaytesting/cordic/simulation/.
Info: Regenerate these scripts whenever you make any change to any Quartus-generated IP in your project.
Info: Finished: Create Modelsim Project.
Info: Starting: Create block symbol file (.bsf)
Info: qsys-generate C:\repos\fpga_dsp\delaytesting\cordic.qsys --block-symbol-file --output-directory=C:\repos\fpga_dsp\delaytesting\cordic --family="Cyclone V" --part=5CSEMA5F31C6
Progress: Loading delaytesting/cordic.qsys
Progress: Reading input file
Progress: Adding CORDIC_0 [altera_CORDIC 20.1]
Progress: Parameterizing module CORDIC_0
Progress: Building connections
Progress: Parameterizing connections
Progress: Validating
Progress: Done reading input file
Info: qsys-generate succeeded.
Info: Finished: Create block symbol file (.bsf)
Info: 
Info: Starting: Create HDL design files for synthesis
Info: qsys-generate C:\repos\fpga_dsp\delaytesting\cordic.qsys --synthesis=VERILOG --output-directory=C:\repos\fpga_dsp\delaytesting\cordic\synthesis --family="Cyclone V" --part=5CSEMA5F31C6
Progress: Loading delaytesting/cordic.qsys
Progress: Reading input file
Progress: Adding CORDIC_0 [altera_CORDIC 20.1]
Progress: Parameterizing module CORDIC_0
Progress: Building connections
Progress: Parameterizing connections
Progress: Validating
Progress: Done reading input file
Info: cordic: Generating cordic "cordic" for QUARTUS_SYNTH
Info: CORDIC_0: C:/intelfpga_lite/20.1/quartus/dspba/backend/windows64/cmdPolyEval -target CycloneV -frequency 200 -name cordic_CORDIC_0 -noChanValid -faithfulRounding -printMachineReadable -lang VHDL -speedgrade 6 FXPSinCosCordic 16 13 1 13
Info: CORDIC_0: Latency on Cyclone V is 18 cycles
Info: CORDIC_0: DSP Blocks Used: 0
Info: CORDIC_0: LUTs Used: 2144
Info: CORDIC_0: Memory Bits Used: 0
Info: CORDIC_0: Memory Blocks Used: 0
Info: CORDIC_0: "cordic" instantiated altera_CORDIC "CORDIC_0"
Info: cordic: Done "cordic" with 2 modules, 4 files
Info: qsys-generate succeeded.
Info: Finished: Create HDL design files for synthesis
