#-----------------------------------------------------------
# Vivado v2025.1 (64-bit)
# SW Build 6140274 on Thu May 22 00:12:29 MDT 2025
# IP Build 6138677 on Thu May 22 03:10:11 MDT 2025
# SharedData Build 6139179 on Tue May 20 17:58:58 MDT 2025
# Start of session at: Sun Aug 24 22:26:04 2025
# Process ID         : 744
# Current directory  : C:/repos/fpga_dsp/vivado/basic lowpass/fir/fir.runs/cordic_0_synth_1
# Command line       : vivado.exe -log cordic_0.vds -product Vivado -mode batch -messageDb vivado.pb -notrace -source cordic_0.tcl
# Log file           : C:/repos/fpga_dsp/vivado/basic lowpass/fir/fir.runs/cordic_0_synth_1/cordic_0.vds
# Journal file       : C:/repos/fpga_dsp/vivado/basic lowpass/fir/fir.runs/cordic_0_synth_1\vivado.jou
# Running On         : DESKTOP-H31SVF4
# Platform           : Windows Server 2016 or Windows 10
# Operating System   : 26100
# Processor Detail   : Intel(R) Core(TM) Ultra 9 285H
# CPU Frequency      : 3686 MHz
# CPU Physical cores : 16
# CPU Logical cores  : 16
# Host memory        : 33685 MB
# Swap memory        : 5368 MB
# Total Virtual      : 39054 MB
# Available Virtual  : 17723 MB
#-----------------------------------------------------------
source cordic_0.tcl -notrace
